[2020-12-27T09:50:38.679+0000][gc,heap] Heap region size: 1M
[2020-12-27T09:50:38.690+0000][gc     ] Using G1
[2020-12-27T09:50:38.691+0000][gc,heap,coops] Heap address: 0x00000000c0000000, size: 1024 MB, Compressed Oops mode: 32-bit
[2020-12-27T09:50:38.691+0000][gc,cds       ] Mark closed archive regions in map: [0x00000000fff00000, 0x00000000fff6aff8]
[2020-12-27T09:50:38.692+0000][gc,cds       ] Mark open archive regions in map: [0x00000000ffe00000, 0x00000000ffe46ff8]
[2020-12-27T09:50:40.197+0000][gc,start     ] GC(0) Pause Young (Normal) (G1 Evacuation Pause)
[2020-12-27T09:50:40.198+0000][gc,task      ] GC(0) Using 6 workers of 6 for evacuation
[2020-12-27T09:50:40.205+0000][gc,phases    ] GC(0)   Pre Evacuate Collection Set: 0.0ms
[2020-12-27T09:50:40.206+0000][gc,phases    ] GC(0)   Evacuate Collection Set: 6.4ms
[2020-12-27T09:50:40.206+0000][gc,phases    ] GC(0)   Post Evacuate Collection Set: 0.5ms
[2020-12-27T09:50:40.207+0000][gc,phases    ] GC(0)   Other: 1.6ms
[2020-12-27T09:50:40.207+0000][gc,heap      ] GC(0) Eden regions: 51->0(44)
[2020-12-27T09:50:40.207+0000][gc,heap      ] GC(0) Survivor regions: 0->7(7)
[2020-12-27T09:50:40.208+0000][gc,heap      ] GC(0) Old regions: 2->2
[2020-12-27T09:50:40.208+0000][gc,heap      ] GC(0) Humongous regions: 0->0
[2020-12-27T09:50:40.208+0000][gc,metaspace ] GC(0) Metaspace: 15753K->15753K(1062912K)
[2020-12-27T09:50:40.209+0000][gc           ] GC(0) Pause Young (Normal) (G1 Evacuation Pause) 51M->6M(1024M) 12.259ms
[2020-12-27T09:50:40.209+0000][gc,cpu       ] GC(0) User=0.03s Sys=0.01s Real=0.02s
[2020-12-27T09:50:40.479+0000][gc,start     ] GC(1) Pause Young (Concurrent Start) (Metadata GC Threshold)
[2020-12-27T09:50:40.479+0000][gc,task      ] GC(1) Using 6 workers of 6 for evacuation
[2020-12-27T09:50:40.488+0000][gc,phases    ] GC(1)   Pre Evacuate Collection Set: 0.0ms
[2020-12-27T09:50:40.489+0000][gc,phases    ] GC(1)   Evacuate Collection Set: 7.6ms
[2020-12-27T09:50:40.489+0000][gc,phases    ] GC(1)   Post Evacuate Collection Set: 0.7ms
[2020-12-27T09:50:40.489+0000][gc,phases    ] GC(1)   Other: 1.1ms
[2020-12-27T09:50:40.490+0000][gc,heap      ] GC(1) Eden regions: 19->0(50)
[2020-12-27T09:50:40.490+0000][gc,heap      ] GC(1) Survivor regions: 7->1(7)
[2020-12-27T09:50:40.491+0000][gc,heap      ] GC(1) Old regions: 2->9
[2020-12-27T09:50:40.491+0000][gc,heap      ] GC(1) Humongous regions: 0->0
[2020-12-27T09:50:40.492+0000][gc,metaspace ] GC(1) Metaspace: 20462K->20462K(1067008K)
[2020-12-27T09:50:40.492+0000][gc           ] GC(1) Pause Young (Concurrent Start) (Metadata GC Threshold) 25M->8M(1024M) 13.522ms
[2020-12-27T09:50:40.493+0000][gc,cpu       ] GC(1) User=0.02s Sys=0.01s Real=0.01s
[2020-12-27T09:50:40.493+0000][gc           ] GC(2) Concurrent Cycle
[2020-12-27T09:50:40.494+0000][gc,marking   ] GC(2) Concurrent Clear Claimed Marks
[2020-12-27T09:50:40.494+0000][gc,marking   ] GC(2) Concurrent Clear Claimed Marks 0.434ms
[2020-12-27T09:50:40.494+0000][gc,marking   ] GC(2) Concurrent Scan Root Regions
[2020-12-27T09:50:40.496+0000][gc,marking   ] GC(2) Concurrent Scan Root Regions 1.720ms
[2020-12-27T09:50:40.497+0000][gc,marking   ] GC(2) Concurrent Mark (1.832s)
[2020-12-27T09:50:40.497+0000][gc,marking   ] GC(2) Concurrent Mark From Roots
[2020-12-27T09:50:40.498+0000][gc,task      ] GC(2) Using 2 workers of 2 for marking
[2020-12-27T09:50:40.504+0000][gc,marking   ] GC(2) Concurrent Mark From Roots 6.691ms
[2020-12-27T09:50:40.504+0000][gc,marking   ] GC(2) Concurrent Preclean
[2020-12-27T09:50:40.505+0000][gc,marking   ] GC(2) Concurrent Preclean 0.550ms
[2020-12-27T09:50:40.505+0000][gc,marking   ] GC(2) Concurrent Mark (1.832s, 1.841s) 8.718ms
[2020-12-27T09:50:40.506+0000][gc,start     ] GC(2) Pause Remark
[2020-12-27T09:50:40.509+0000][gc,stringtable] GC(2) Cleaned string and symbol table, strings: 4941 processed, 0 removed, symbols: 51139 processed, 45 removed
[2020-12-27T09:50:40.510+0000][gc            ] GC(2) Pause Remark 8M->8M(1024M) 4.251ms
[2020-12-27T09:50:40.511+0000][gc,cpu        ] GC(2) User=0.01s Sys=0.01s Real=0.01s
[2020-12-27T09:50:40.512+0000][gc,marking    ] GC(2) Concurrent Rebuild Remembered Sets
[2020-12-27T09:50:40.514+0000][gc,marking    ] GC(2) Concurrent Rebuild Remembered Sets 2.827ms
[2020-12-27T09:50:40.515+0000][gc,start      ] GC(2) Pause Cleanup
[2020-12-27T09:50:40.516+0000][gc            ] GC(2) Pause Cleanup 8M->8M(1024M) 0.775ms
[2020-12-27T09:50:40.516+0000][gc,cpu        ] GC(2) User=0.00s Sys=0.00s Real=0.00s
[2020-12-27T09:50:40.517+0000][gc,marking    ] GC(2) Concurrent Cleanup for Next Mark
[2020-12-27T09:50:40.520+0000][gc,marking    ] GC(2) Concurrent Cleanup for Next Mark 3.331ms
[2020-12-27T09:50:40.520+0000][gc            ] GC(2) Concurrent Cycle 27.341ms
[2020-12-27T09:50:41.194+0000][gc,start      ] GC(3) Pause Young (Normal) (G1 Evacuation Pause)
[2020-12-27T09:50:41.195+0000][gc,task       ] GC(3) Using 6 workers of 6 for evacuation
[2020-12-27T09:50:41.200+0000][gc,phases     ] GC(3)   Pre Evacuate Collection Set: 0.0ms
[2020-12-27T09:50:41.201+0000][gc,phases     ] GC(3)   Evacuate Collection Set: 4.7ms
[2020-12-27T09:50:41.201+0000][gc,phases     ] GC(3)   Post Evacuate Collection Set: 0.5ms
[2020-12-27T09:50:41.202+0000][gc,phases     ] GC(3)   Other: 0.9ms
[2020-12-27T09:50:41.202+0000][gc,heap       ] GC(3) Eden regions: 50->0(46)
[2020-12-27T09:50:41.203+0000][gc,heap       ] GC(3) Survivor regions: 1->5(7)
[2020-12-27T09:50:41.203+0000][gc,heap       ] GC(3) Old regions: 9->9
[2020-12-27T09:50:41.203+0000][gc,heap       ] GC(3) Humongous regions: 129->129
[2020-12-27T09:50:41.204+0000][gc,metaspace  ] GC(3) Metaspace: 30367K->30367K(1077248K)
[2020-12-27T09:50:41.204+0000][gc            ] GC(3) Pause Young (Normal) (G1 Evacuation Pause) 187M->140M(1024M) 9.895ms
[2020-12-27T09:50:41.204+0000][gc,cpu        ] GC(3) User=0.02s Sys=0.00s Real=0.01s
[2020-12-27T09:50:41.406+0000][gc,start      ] GC(4) Pause Young (Concurrent Start) (Metadata GC Threshold)
[2020-12-27T09:50:41.407+0000][gc,task       ] GC(4) Using 6 workers of 6 for evacuation
[2020-12-27T09:50:41.413+0000][gc,phases     ] GC(4)   Pre Evacuate Collection Set: 0.1ms
[2020-12-27T09:50:41.414+0000][gc,phases     ] GC(4)   Evacuate Collection Set: 5.3ms
[2020-12-27T09:50:41.415+0000][gc,phases     ] GC(4)   Post Evacuate Collection Set: 0.6ms
[2020-12-27T09:50:41.415+0000][gc,phases     ] GC(4)   Other: 1.3ms
[2020-12-27T09:50:41.416+0000][gc,heap       ] GC(4) Eden regions: 19->0(49)
[2020-12-27T09:50:41.416+0000][gc,heap       ] GC(4) Survivor regions: 5->2(7)
[2020-12-27T09:50:41.417+0000][gc,heap       ] GC(4) Old regions: 9->13
[2020-12-27T09:50:41.417+0000][gc,heap       ] GC(4) Humongous regions: 129->129
[2020-12-27T09:50:41.417+0000][gc,metaspace  ] GC(4) Metaspace: 34399K->34399K(1081344K)
[2020-12-27T09:50:41.418+0000][gc            ] GC(4) Pause Young (Concurrent Start) (Metadata GC Threshold) 159M->141M(1024M) 11.406ms
[2020-12-27T09:50:41.418+0000][gc,cpu        ] GC(4) User=0.03s Sys=0.00s Real=0.02s
[2020-12-27T09:50:41.419+0000][gc            ] GC(5) Concurrent Cycle
[2020-12-27T09:50:41.419+0000][gc,marking    ] GC(5) Concurrent Clear Claimed Marks
[2020-12-27T09:50:41.420+0000][gc,marking    ] GC(5) Concurrent Clear Claimed Marks 0.767ms
[2020-12-27T09:50:41.420+0000][gc,marking    ] GC(5) Concurrent Scan Root Regions
[2020-12-27T09:50:41.422+0000][gc,marking    ] GC(5) Concurrent Scan Root Regions 1.715ms
[2020-12-27T09:50:41.423+0000][gc,marking    ] GC(5) Concurrent Mark (2.758s)
[2020-12-27T09:50:41.423+0000][gc,marking    ] GC(5) Concurrent Mark From Roots
[2020-12-27T09:50:41.424+0000][gc,task       ] GC(5) Using 2 workers of 2 for marking
[2020-12-27T09:50:41.432+0000][gc,marking    ] GC(5) Concurrent Mark From Roots 8.448ms
[2020-12-27T09:50:41.432+0000][gc,marking    ] GC(5) Concurrent Preclean
[2020-12-27T09:50:41.433+0000][gc,marking    ] GC(5) Concurrent Preclean 0.912ms
[2020-12-27T09:50:41.434+0000][gc,marking    ] GC(5) Concurrent Mark (2.758s, 2.769s) 11.298ms
[2020-12-27T09:50:41.435+0000][gc,start      ] GC(5) Pause Remark
[2020-12-27T09:50:41.437+0000][gc,stringtable] GC(5) Cleaned string and symbol table, strings: 9851 processed, 9 removed, symbols: 80936 processed, 15 removed
[2020-12-27T09:50:41.439+0000][gc            ] GC(5) Pause Remark 143M->143M(1024M) 3.799ms
[2020-12-27T09:50:41.439+0000][gc,cpu        ] GC(5) User=0.01s Sys=0.00s Real=0.01s
[2020-12-27T09:50:41.439+0000][gc,marking    ] GC(5) Concurrent Rebuild Remembered Sets
[2020-12-27T09:50:41.445+0000][gc,marking    ] GC(5) Concurrent Rebuild Remembered Sets 6.043ms
[2020-12-27T09:50:41.447+0000][gc,start      ] GC(5) Pause Cleanup
[2020-12-27T09:50:41.449+0000][gc            ] GC(5) Pause Cleanup 143M->143M(1024M) 1.879ms
[2020-12-27T09:50:41.449+0000][gc,cpu        ] GC(5) User=0.00s Sys=0.00s Real=0.01s
[2020-12-27T09:50:41.450+0000][gc,marking    ] GC(5) Concurrent Cleanup for Next Mark
[2020-12-27T09:50:41.453+0000][gc,marking    ] GC(5) Concurrent Cleanup for Next Mark 3.464ms
[2020-12-27T09:50:41.454+0000][gc            ] GC(5) Concurrent Cycle 35.227ms
