[2020-12-27T00:57:06.883-0700][gc] Using G1
[2020-12-27T00:57:06.888-0700][gc,init] Version: 15+36-1562 (release)
[2020-12-27T00:57:06.888-0700][gc,init] CPUs: 6 total, 6 available
[2020-12-27T00:57:06.888-0700][gc,init] Memory: 32768M
[2020-12-27T00:57:06.888-0700][gc,init] Large Page Support: Disabled
[2020-12-27T00:57:06.888-0700][gc,init] NUMA Support: Disabled
[2020-12-27T00:57:06.888-0700][gc,init] Compressed Oops: Enabled (Zero based)
[2020-12-27T00:57:06.888-0700][gc,init] Heap Region Size: 1M
[2020-12-27T00:57:06.888-0700][gc,init] Heap Min Capacity: 1G
[2020-12-27T00:57:06.888-0700][gc,init] Heap Initial Capacity: 1G
[2020-12-27T00:57:06.888-0700][gc,init] Heap Max Capacity: 1G
[2020-12-27T00:57:06.888-0700][gc,init] Pre-touch: Disabled
[2020-12-27T00:57:06.888-0700][gc,init] Parallel Workers: 6
[2020-12-27T00:57:06.888-0700][gc,init] Concurrent Workers: 2
[2020-12-27T00:57:06.888-0700][gc,init] Concurrent Refinement Workers: 6
[2020-12-27T00:57:06.888-0700][gc,init] Periodic GC: Disabled
[2020-12-27T00:57:06.888-0700][gc,cds ] Mark closed archive regions in map: [0x00000007fff00000, 0x00000007fff78ff8]
[2020-12-27T00:57:06.888-0700][gc,cds ] Mark open archive regions in map: [0x00000007ffe00000, 0x00000007ffe50ff8]
[2020-12-27T00:57:06.888-0700][gc,metaspace] CDS archive(s) mapped at: [0x0000000800000000-0x0000000800b2c000-0x0000000800b2c000), size 11714560, SharedBaseAddress: 0x0000000800000000, ArchiveRelocationMode: 0.
[2020-12-27T00:57:06.888-0700][gc,metaspace] Compressed class space mapped at: 0x0000000800b2c000-0x0000000840b2c000, size: 1073741824
[2020-12-27T00:57:06.888-0700][gc,metaspace] Narrow klass base: 0x0000000800000000, Narrow klass shift: 3, Narrow klass range: 0x100000000
[2020-12-27T00:57:08.212-0700][gc,start    ] GC(0) Pause Young (Normal) (G1 Evacuation Pause)
[2020-12-27T00:57:08.212-0700][gc,task     ] GC(0) Using 6 workers of 6 for evacuation
[2020-12-27T00:57:08.216-0700][gc,phases   ] GC(0)   Pre Evacuate Collection Set: 0.1ms
[2020-12-27T00:57:08.216-0700][gc,phases   ] GC(0)   Merge Heap Roots: 0.1ms
[2020-12-27T00:57:08.216-0700][gc,phases   ] GC(0)   Evacuate Collection Set: 2.9ms
[2020-12-27T00:57:08.216-0700][gc,phases   ] GC(0)   Post Evacuate Collection Set: 0.4ms
[2020-12-27T00:57:08.216-0700][gc,phases   ] GC(0)   Other: 0.4ms
[2020-12-27T00:57:08.216-0700][gc,heap     ] GC(0) Eden regions: 51->0(44)
[2020-12-27T00:57:08.216-0700][gc,heap     ] GC(0) Survivor regions: 0->7(7)
[2020-12-27T00:57:08.216-0700][gc,heap     ] GC(0) Old regions: 0->0
[2020-12-27T00:57:08.216-0700][gc,heap     ] GC(0) Archive regions: 2->2
[2020-12-27T00:57:08.216-0700][gc,heap     ] GC(0) Humongous regions: 0->0
[2020-12-27T00:57:08.216-0700][gc,metaspace] GC(0) Metaspace: 18805K(19584K)->18805K(19584K) NonClass: 16546K(17152K)->16546K(17152K) Class: 2258K(2432K)->2258K(2432K)
[2020-12-27T00:57:08.216-0700][gc          ] GC(0) Pause Young (Normal) (G1 Evacuation Pause) 51M->7M(1024M) 4.053ms
[2020-12-27T00:57:08.216-0700][gc,cpu      ] GC(0) User=0.02s Sys=0.00s Real=0.00s
[2020-12-27T00:57:08.355-0700][gc,start    ] GC(1) Pause Young (Concurrent Start) (Metadata GC Threshold)
[2020-12-27T00:57:08.355-0700][gc,task     ] GC(1) Using 6 workers of 6 for evacuation
[2020-12-27T00:57:08.359-0700][gc,phases   ] GC(1)   Pre Evacuate Collection Set: 0.1ms
[2020-12-27T00:57:08.359-0700][gc,phases   ] GC(1)   Merge Heap Roots: 0.0ms
[2020-12-27T00:57:08.359-0700][gc,phases   ] GC(1)   Evacuate Collection Set: 3.3ms
[2020-12-27T00:57:08.359-0700][gc,phases   ] GC(1)   Post Evacuate Collection Set: 0.2ms
[2020-12-27T00:57:08.359-0700][gc,phases   ] GC(1)   Other: 0.2ms
[2020-12-27T00:57:08.359-0700][gc,heap     ] GC(1) Eden regions: 8->0(49)
[2020-12-27T00:57:08.359-0700][gc,heap     ] GC(1) Survivor regions: 7->2(7)
[2020-12-27T00:57:08.359-0700][gc,heap     ] GC(1) Old regions: 0->7
[2020-12-27T00:57:08.359-0700][gc,heap     ] GC(1) Archive regions: 2->2
[2020-12-27T00:57:08.359-0700][gc,heap     ] GC(1) Humongous regions: 129->129
[2020-12-27T00:57:08.359-0700][gc,metaspace] GC(1) Metaspace: 20616K(21248K)->20616K(21248K) NonClass: 18172K(18688K)->18172K(18688K) Class: 2443K(2560K)->2443K(2560K)
[2020-12-27T00:57:08.359-0700][gc          ] GC(1) Pause Young (Concurrent Start) (Metadata GC Threshold) 144M->138M(1024M) 3.996ms
[2020-12-27T00:57:08.359-0700][gc,cpu      ] GC(1) User=0.02s Sys=0.01s Real=0.00s
[2020-12-27T00:57:08.359-0700][gc          ] GC(2) Concurrent Cycle
[2020-12-27T00:57:08.359-0700][gc,marking  ] GC(2) Concurrent Clear Claimed Marks
[2020-12-27T00:57:08.359-0700][gc,marking  ] GC(2) Concurrent Clear Claimed Marks 0.014ms
[2020-12-27T00:57:08.359-0700][gc,marking  ] GC(2) Concurrent Scan Root Regions
[2020-12-27T00:57:08.361-0700][gc,marking  ] GC(2) Concurrent Scan Root Regions 1.896ms
[2020-12-27T00:57:08.361-0700][gc,marking  ] GC(2) Concurrent Mark (1.484s)
[2020-12-27T00:57:08.361-0700][gc,marking  ] GC(2) Concurrent Mark From Roots
[2020-12-27T00:57:08.361-0700][gc,task     ] GC(2) Using 2 workers of 2 for marking
[2020-12-27T00:57:08.362-0700][gc,marking  ] GC(2) Concurrent Mark From Roots 1.036ms
[2020-12-27T00:57:08.362-0700][gc,marking  ] GC(2) Concurrent Preclean
[2020-12-27T00:57:08.362-0700][gc,marking  ] GC(2) Concurrent Preclean 0.022ms
[2020-12-27T00:57:08.362-0700][gc,marking  ] GC(2) Concurrent Mark (1.484s, 1.485s) 1.093ms
[2020-12-27T00:57:08.362-0700][gc,start    ] GC(2) Pause Remark
[2020-12-27T00:57:08.363-0700][gc          ] GC(2) Pause Remark 138M->138M(1024M) 0.628ms
[2020-12-27T00:57:08.363-0700][gc,cpu      ] GC(2) User=0.00s Sys=0.00s Real=0.00s
[2020-12-27T00:57:08.363-0700][gc,marking  ] GC(2) Concurrent Rebuild Remembered Sets
[2020-12-27T00:57:08.364-0700][gc,marking  ] GC(2) Concurrent Rebuild Remembered Sets 1.753ms
[2020-12-27T00:57:08.365-0700][gc,start    ] GC(2) Pause Cleanup
[2020-12-27T00:57:08.365-0700][gc          ] GC(2) Pause Cleanup 138M->138M(1024M) 0.106ms
[2020-12-27T00:57:08.365-0700][gc,cpu      ] GC(2) User=0.00s Sys=0.00s Real=0.00s
[2020-12-27T00:57:08.365-0700][gc,marking  ] GC(2) Concurrent Cleanup for Next Mark
[2020-12-27T00:57:08.369-0700][gc,marking  ] GC(2) Concurrent Cleanup for Next Mark 3.727ms
[2020-12-27T00:57:08.369-0700][gc          ] GC(2) Concurrent Cycle 9.796ms
[2020-12-27T00:57:18.637-0700][gc,start    ] GC(3) Pause Young (Normal) (G1 Evacuation Pause)
[2020-12-27T00:57:18.637-0700][gc,task     ] GC(3) Using 6 workers of 6 for evacuation
[2020-12-27T00:57:18.640-0700][gc,phases   ] GC(3)   Pre Evacuate Collection Set: 0.1ms
[2020-12-27T00:57:18.640-0700][gc,phases   ] GC(3)   Merge Heap Roots: 0.1ms
[2020-12-27T00:57:18.640-0700][gc,phases   ] GC(3)   Evacuate Collection Set: 2.4ms
[2020-12-27T00:57:18.640-0700][gc,phases   ] GC(3)   Post Evacuate Collection Set: 0.4ms
[2020-12-27T00:57:18.640-0700][gc,phases   ] GC(3)   Other: 0.1ms
[2020-12-27T00:57:18.640-0700][gc,heap     ] GC(3) Eden regions: 49->0(46)
[2020-12-27T00:57:18.640-0700][gc,heap     ] GC(3) Survivor regions: 2->5(7)
[2020-12-27T00:57:18.640-0700][gc,heap     ] GC(3) Old regions: 7->7
[2020-12-27T00:57:18.640-0700][gc,heap     ] GC(3) Archive regions: 2->2
[2020-12-27T00:57:18.640-0700][gc,heap     ] GC(3) Humongous regions: 129->129
[2020-12-27T00:57:18.640-0700][gc,metaspace] GC(3) Metaspace: 32181K(33280K)->32181K(33280K) NonClass: 28731K(29696K)->28731K(29696K) Class: 3449K(3584K)->3449K(3584K)
[2020-12-27T00:57:18.640-0700][gc          ] GC(3) Pause Young (Normal) (G1 Evacuation Pause) 187M->141M(1024M) 3.190ms
[2020-12-27T00:57:18.640-0700][gc,cpu      ] GC(3) User=0.02s Sys=0.00s Real=0.01s
[2020-12-27T00:57:22.289-0700][gc,heap,exit] Heap
[2020-12-27T00:57:22.289-0700][gc,heap,exit]  garbage-first heap   total 1048576K, used 155201K [0x00000007c0000000, 0x0000000800000000)
[2020-12-27T00:57:22.289-0700][gc,heap,exit]   region size 1024K, 17 young (17408K), 5 survivors (5120K)
[2020-12-27T00:57:22.289-0700][gc,heap,exit]  Metaspace       used 33084K, capacity 33431K, committed 34176K, reserved 1079296K
[2020-12-27T00:57:22.289-0700][gc,heap,exit]   class space    used 3586K, capacity 3690K, committed 3712K, reserved 1048576K
