[2020-12-27T09:58:05.669+0000][gc,heap] Heap region size: 1M
[2020-12-27T09:58:05.676+0000][gc     ] Using G1
[2020-12-27T09:58:05.677+0000][gc,heap,coops] Heap address: 0x00000000c0000000, size: 1024 MB, Compressed Oops mode: 32-bit
[2020-12-27T09:58:05.678+0000][gc,cds       ] Mark closed archive regions in map: [0x00000000fff00000, 0x00000000fff6aff8]
[2020-12-27T09:58:05.678+0000][gc,cds       ] Mark open archive regions in map: [0x00000000ffe00000, 0x00000000ffe46ff8]
[2020-12-27T09:58:06.971+0000][gc,start     ] GC(0) Pause Young (Normal) (G1 Evacuation Pause)
[2020-12-27T09:58:06.973+0000][gc,task      ] GC(0) Using 6 workers of 6 for evacuation
[2020-12-27T09:58:06.980+0000][gc,phases    ] GC(0)   Pre Evacuate Collection Set: 0.0ms
[2020-12-27T09:58:06.981+0000][gc,phases    ] GC(0)   Evacuate Collection Set: 6.5ms
[2020-12-27T09:58:06.981+0000][gc,phases    ] GC(0)   Post Evacuate Collection Set: 0.6ms
[2020-12-27T09:58:06.982+0000][gc,phases    ] GC(0)   Other: 1.6ms
[2020-12-27T09:58:06.982+0000][gc,heap      ] GC(0) Eden regions: 51->0(44)
[2020-12-27T09:58:06.983+0000][gc,heap      ] GC(0) Survivor regions: 0->7(7)
[2020-12-27T09:58:06.983+0000][gc,heap      ] GC(0) Old regions: 2->2
[2020-12-27T09:58:06.983+0000][gc,heap      ] GC(0) Humongous regions: 0->0
[2020-12-27T09:58:06.984+0000][gc,metaspace ] GC(0) Metaspace: 15696K->15696K(1062912K)
[2020-12-27T09:58:06.984+0000][gc           ] GC(0) Pause Young (Normal) (G1 Evacuation Pause) 51M->7M(1024M) 12.630ms
[2020-12-27T09:58:06.985+0000][gc,cpu       ] GC(0) User=0.02s Sys=0.01s Real=0.01s
[2020-12-27T09:58:07.273+0000][gc,start     ] GC(1) Pause Young (Concurrent Start) (Metadata GC Threshold)
[2020-12-27T09:58:07.273+0000][gc,task      ] GC(1) Using 6 workers of 6 for evacuation
[2020-12-27T09:58:07.281+0000][gc,phases    ] GC(1)   Pre Evacuate Collection Set: 0.0ms
[2020-12-27T09:58:07.281+0000][gc,phases    ] GC(1)   Evacuate Collection Set: 6.5ms
[2020-12-27T09:58:07.282+0000][gc,phases    ] GC(1)   Post Evacuate Collection Set: 0.6ms
[2020-12-27T09:58:07.282+0000][gc,phases    ] GC(1)   Other: 1.2ms
[2020-12-27T09:58:07.283+0000][gc,heap      ] GC(1) Eden regions: 20->0(50)
[2020-12-27T09:58:07.283+0000][gc,heap      ] GC(1) Survivor regions: 7->1(7)
[2020-12-27T09:58:07.283+0000][gc,heap      ] GC(1) Old regions: 2->9
[2020-12-27T09:58:07.284+0000][gc,heap      ] GC(1) Humongous regions: 0->0
[2020-12-27T09:58:07.284+0000][gc,metaspace ] GC(1) Metaspace: 20586K->20586K(1067008K)
[2020-12-27T09:58:07.285+0000][gc           ] GC(1) Pause Young (Concurrent Start) (Metadata GC Threshold) 26M->7M(1024M) 11.865ms
[2020-12-27T09:58:07.285+0000][gc,cpu       ] GC(1) User=0.02s Sys=0.01s Real=0.01s
[2020-12-27T09:58:07.286+0000][gc           ] GC(2) Concurrent Cycle
[2020-12-27T09:58:07.286+0000][gc,marking   ] GC(2) Concurrent Clear Claimed Marks
[2020-12-27T09:58:07.286+0000][gc,marking   ] GC(2) Concurrent Clear Claimed Marks 0.389ms
[2020-12-27T09:58:07.287+0000][gc,marking   ] GC(2) Concurrent Scan Root Regions
[2020-12-27T09:58:07.288+0000][gc,marking   ] GC(2) Concurrent Scan Root Regions 1.405ms
[2020-12-27T09:58:07.289+0000][gc,marking   ] GC(2) Concurrent Mark (1.638s)
[2020-12-27T09:58:07.289+0000][gc,marking   ] GC(2) Concurrent Mark From Roots
[2020-12-27T09:58:07.290+0000][gc,task      ] GC(2) Using 2 workers of 2 for marking
[2020-12-27T09:58:07.295+0000][gc,marking   ] GC(2) Concurrent Mark From Roots 5.609ms
[2020-12-27T09:58:07.295+0000][gc,marking   ] GC(2) Concurrent Preclean
[2020-12-27T09:58:07.296+0000][gc,marking   ] GC(2) Concurrent Preclean 0.479ms
[2020-12-27T09:58:07.296+0000][gc,marking   ] GC(2) Concurrent Mark (1.638s, 1.645s) 7.470ms
[2020-12-27T09:58:07.297+0000][gc,start     ] GC(2) Pause Remark
[2020-12-27T09:58:07.299+0000][gc,stringtable] GC(2) Cleaned string and symbol table, strings: 4960 processed, 0 removed, symbols: 51507 processed, 46 removed
[2020-12-27T09:58:07.300+0000][gc            ] GC(2) Pause Remark 8M->8M(1024M) 3.066ms
[2020-12-27T09:58:07.300+0000][gc,cpu        ] GC(2) User=0.01s Sys=0.00s Real=0.00s
[2020-12-27T09:58:07.301+0000][gc,marking    ] GC(2) Concurrent Rebuild Remembered Sets
[2020-12-27T09:58:07.303+0000][gc,marking    ] GC(2) Concurrent Rebuild Remembered Sets 2.744ms
[2020-12-27T09:58:07.304+0000][gc,start      ] GC(2) Pause Cleanup
[2020-12-27T09:58:07.305+0000][gc            ] GC(2) Pause Cleanup 8M->8M(1024M) 0.688ms
[2020-12-27T09:58:07.305+0000][gc,cpu        ] GC(2) User=0.00s Sys=0.00s Real=0.00s
[2020-12-27T09:58:07.306+0000][gc,marking    ] GC(2) Concurrent Cleanup for Next Mark
[2020-12-27T09:58:07.309+0000][gc,marking    ] GC(2) Concurrent Cleanup for Next Mark 3.082ms
[2020-12-27T09:58:07.312+0000][gc            ] GC(2) Concurrent Cycle 26.764ms
[2020-12-27T09:58:11.245+0000][gc,heap,exit  ] Heap
[2020-12-27T09:58:11.246+0000][gc,heap,exit  ]  garbage-first heap   total 1048576K, used 190254K [0x00000000c0000000, 0x0000000100000000)
[2020-12-27T09:58:11.246+0000][gc,heap,exit  ]   region size 1024K, 51 young (52224K), 1 survivors (1024K)
[2020-12-27T09:58:11.246+0000][gc,heap,exit  ]  Metaspace       used 29211K, capacity 30252K, committed 30592K, reserved 1075200K
[2020-12-27T09:58:11.247+0000][gc,heap,exit  ]   class space    used 3459K, capacity 3890K, committed 3968K, reserved 1048576K
