[2020-12-27T17:28:45.222-0700][gc] Using G1
[2020-12-27T17:28:45.227-0700][gc,init] Version: 15+36-1562 (release)
[2020-12-27T17:28:45.227-0700][gc,init] CPUs: 6 total, 6 available
[2020-12-27T17:28:45.227-0700][gc,init] Memory: 32768M
[2020-12-27T17:28:45.227-0700][gc,init] Large Page Support: Disabled
[2020-12-27T17:28:45.227-0700][gc,init] NUMA Support: Disabled
[2020-12-27T17:28:45.227-0700][gc,init] Compressed Oops: Enabled (Zero based)
[2020-12-27T17:28:45.228-0700][gc,init] Heap Region Size: 1M
[2020-12-27T17:28:45.228-0700][gc,init] Heap Min Capacity: 1G
[2020-12-27T17:28:45.228-0700][gc,init] Heap Initial Capacity: 1G
[2020-12-27T17:28:45.228-0700][gc,init] Heap Max Capacity: 1G
[2020-12-27T17:28:45.228-0700][gc,init] Pre-touch: Disabled
[2020-12-27T17:28:45.228-0700][gc,init] Parallel Workers: 6
[2020-12-27T17:28:45.228-0700][gc,init] Concurrent Workers: 2
[2020-12-27T17:28:45.228-0700][gc,init] Concurrent Refinement Workers: 6
[2020-12-27T17:28:45.228-0700][gc,init] Periodic GC: Disabled
[2020-12-27T17:28:45.228-0700][gc,cds ] Mark closed archive regions in map: [0x00000007fff00000, 0x00000007fff78ff8]
[2020-12-27T17:28:45.228-0700][gc,cds ] Mark open archive regions in map: [0x00000007ffe00000, 0x00000007ffe50ff8]
[2020-12-27T17:28:45.228-0700][gc,metaspace] CDS archive(s) mapped at: [0x0000000800000000-0x0000000800b2c000-0x0000000800b2c000), size 11714560, SharedBaseAddress: 0x0000000800000000, ArchiveRelocationMode: 0.
[2020-12-27T17:28:45.228-0700][gc,metaspace] Compressed class space mapped at: 0x0000000800b2c000-0x0000000840b2c000, size: 1073741824
[2020-12-27T17:28:45.228-0700][gc,metaspace] Narrow klass base: 0x0000000800000000, Narrow klass shift: 3, Narrow klass range: 0x100000000
[2020-12-27T17:28:46.418-0700][gc,start    ] GC(0) Pause Young (Normal) (G1 Evacuation Pause)
[2020-12-27T17:28:46.418-0700][gc,task     ] GC(0) Using 6 workers of 6 for evacuation
[2020-12-27T17:28:46.422-0700][gc,phases   ] GC(0)   Pre Evacuate Collection Set: 0.1ms
[2020-12-27T17:28:46.422-0700][gc,phases   ] GC(0)   Merge Heap Roots: 0.1ms
[2020-12-27T17:28:46.422-0700][gc,phases   ] GC(0)   Evacuate Collection Set: 3.3ms
[2020-12-27T17:28:46.422-0700][gc,phases   ] GC(0)   Post Evacuate Collection Set: 0.4ms
[2020-12-27T17:28:46.422-0700][gc,phases   ] GC(0)   Other: 0.5ms
[2020-12-27T17:28:46.422-0700][gc,heap     ] GC(0) Eden regions: 51->0(44)
[2020-12-27T17:28:46.423-0700][gc,heap     ] GC(0) Survivor regions: 0->7(7)
[2020-12-27T17:28:46.423-0700][gc,heap     ] GC(0) Old regions: 0->0
[2020-12-27T17:28:46.423-0700][gc,heap     ] GC(0) Archive regions: 2->2
[2020-12-27T17:28:46.423-0700][gc,heap     ] GC(0) Humongous regions: 0->0
[2020-12-27T17:28:46.423-0700][gc,metaspace] GC(0) Metaspace: 18779K(19200K)->18779K(19200K) NonClass: 16538K(16896K)->16538K(16896K) Class: 2240K(2304K)->2240K(2304K)
[2020-12-27T17:28:46.423-0700][gc          ] GC(0) Pause Young (Normal) (G1 Evacuation Pause) 51M->7M(1024M) 4.545ms
[2020-12-27T17:28:46.423-0700][gc,cpu      ] GC(0) User=0.02s Sys=0.01s Real=0.01s
[2020-12-27T17:28:46.628-0700][gc,start    ] GC(1) Pause Young (Concurrent Start) (Metadata GC Threshold)
[2020-12-27T17:28:46.628-0700][gc,task     ] GC(1) Using 6 workers of 6 for evacuation
[2020-12-27T17:28:46.633-0700][gc,phases   ] GC(1)   Pre Evacuate Collection Set: 0.1ms
[2020-12-27T17:28:46.633-0700][gc,phases   ] GC(1)   Merge Heap Roots: 0.0ms
[2020-12-27T17:28:46.633-0700][gc,phases   ] GC(1)   Evacuate Collection Set: 4.1ms
[2020-12-27T17:28:46.633-0700][gc,phases   ] GC(1)   Post Evacuate Collection Set: 0.3ms
[2020-12-27T17:28:46.633-0700][gc,phases   ] GC(1)   Other: 0.4ms
[2020-12-27T17:28:46.633-0700][gc,heap     ] GC(1) Eden regions: 9->0(49)
[2020-12-27T17:28:46.633-0700][gc,heap     ] GC(1) Survivor regions: 7->2(7)
[2020-12-27T17:28:46.633-0700][gc,heap     ] GC(1) Old regions: 0->7
[2020-12-27T17:28:46.633-0700][gc,heap     ] GC(1) Archive regions: 2->2
[2020-12-27T17:28:46.633-0700][gc,heap     ] GC(1) Humongous regions: 129->129
[2020-12-27T17:28:46.633-0700][gc,metaspace] GC(1) Metaspace: 20824K(21248K)->20824K(21248K) NonClass: 18365K(18688K)->18365K(18688K) Class: 2458K(2560K)->2458K(2560K)
[2020-12-27T17:28:46.633-0700][gc          ] GC(1) Pause Young (Concurrent Start) (Metadata GC Threshold) 145M->138M(1024M) 5.000ms
[2020-12-27T17:28:46.633-0700][gc,cpu      ] GC(1) User=0.01s Sys=0.01s Real=0.01s
[2020-12-27T17:28:46.633-0700][gc          ] GC(2) Concurrent Cycle
[2020-12-27T17:28:46.633-0700][gc,marking  ] GC(2) Concurrent Clear Claimed Marks
[2020-12-27T17:28:46.633-0700][gc,marking  ] GC(2) Concurrent Clear Claimed Marks 0.016ms
[2020-12-27T17:28:46.633-0700][gc,marking  ] GC(2) Concurrent Scan Root Regions
[2020-12-27T17:28:46.636-0700][gc,marking  ] GC(2) Concurrent Scan Root Regions 2.081ms
[2020-12-27T17:28:46.636-0700][gc,marking  ] GC(2) Concurrent Mark (1.420s)
[2020-12-27T17:28:46.636-0700][gc,marking  ] GC(2) Concurrent Mark From Roots
[2020-12-27T17:28:46.636-0700][gc,task     ] GC(2) Using 2 workers of 2 for marking
[2020-12-27T17:28:46.637-0700][gc,marking  ] GC(2) Concurrent Mark From Roots 1.274ms
[2020-12-27T17:28:46.637-0700][gc,marking  ] GC(2) Concurrent Preclean
[2020-12-27T17:28:46.637-0700][gc,marking  ] GC(2) Concurrent Preclean 0.026ms
[2020-12-27T17:28:46.637-0700][gc,marking  ] GC(2) Concurrent Mark (1.420s, 1.421s) 1.350ms
[2020-12-27T17:28:46.637-0700][gc,start    ] GC(2) Pause Remark
[2020-12-27T17:28:46.638-0700][gc          ] GC(2) Pause Remark 138M->138M(1024M) 0.747ms
[2020-12-27T17:28:46.638-0700][gc,cpu      ] GC(2) User=0.00s Sys=0.00s Real=0.00s
[2020-12-27T17:28:46.638-0700][gc,marking  ] GC(2) Concurrent Rebuild Remembered Sets
[2020-12-27T17:28:46.640-0700][gc,marking  ] GC(2) Concurrent Rebuild Remembered Sets 1.902ms
[2020-12-27T17:28:46.640-0700][gc,start    ] GC(2) Pause Cleanup
[2020-12-27T17:28:46.640-0700][gc          ] GC(2) Pause Cleanup 138M->138M(1024M) 0.122ms
[2020-12-27T17:28:46.640-0700][gc,cpu      ] GC(2) User=0.00s Sys=0.00s Real=0.00s
[2020-12-27T17:28:46.640-0700][gc,marking  ] GC(2) Concurrent Cleanup for Next Mark
[2020-12-27T17:28:46.646-0700][gc,marking  ] GC(2) Concurrent Cleanup for Next Mark 5.664ms
[2020-12-27T17:28:46.646-0700][gc          ] GC(2) Concurrent Cycle 12.672ms
[2020-12-27T17:29:16.426-0700][gc,start    ] GC(3) Pause Young (Normal) (G1 Evacuation Pause)
[2020-12-27T17:29:16.426-0700][gc,task     ] GC(3) Using 6 workers of 6 for evacuation
[2020-12-27T17:29:16.428-0700][gc,phases   ] GC(3)   Pre Evacuate Collection Set: 0.1ms
[2020-12-27T17:29:16.428-0700][gc,phases   ] GC(3)   Merge Heap Roots: 0.0ms
[2020-12-27T17:29:16.428-0700][gc,phases   ] GC(3)   Evacuate Collection Set: 1.9ms
[2020-12-27T17:29:16.428-0700][gc,phases   ] GC(3)   Post Evacuate Collection Set: 0.2ms
[2020-12-27T17:29:16.428-0700][gc,phases   ] GC(3)   Other: 0.3ms
[2020-12-27T17:29:16.428-0700][gc,heap     ] GC(3) Eden regions: 49->0(45)
[2020-12-27T17:29:16.428-0700][gc,heap     ] GC(3) Survivor regions: 2->6(7)
[2020-12-27T17:29:16.428-0700][gc,heap     ] GC(3) Old regions: 7->7
[2020-12-27T17:29:16.428-0700][gc,heap     ] GC(3) Archive regions: 2->2
[2020-12-27T17:29:16.428-0700][gc,heap     ] GC(3) Humongous regions: 129->129
[2020-12-27T17:29:16.428-0700][gc,metaspace] GC(3) Metaspace: 32236K(32768K)->32236K(32768K) NonClass: 28787K(29184K)->28787K(29184K) Class: 3448K(3584K)->3448K(3584K)
[2020-12-27T17:29:16.428-0700][gc          ] GC(3) Pause Young (Normal) (G1 Evacuation Pause) 187M->141M(1024M) 2.588ms
[2020-12-27T17:29:16.428-0700][gc,cpu      ] GC(3) User=0.01s Sys=0.00s Real=0.00s
[2020-12-27T17:41:56.507-0700][gc,start    ] GC(4) Pause Young (Concurrent Start) (Metadata GC Threshold)
[2020-12-27T17:41:56.507-0700][gc,task     ] GC(4) Using 6 workers of 6 for evacuation
[2020-12-27T17:41:56.511-0700][gc,phases   ] GC(4)   Pre Evacuate Collection Set: 0.1ms
[2020-12-27T17:41:56.511-0700][gc,phases   ] GC(4)   Merge Heap Roots: 0.0ms
[2020-12-27T17:41:56.511-0700][gc,phases   ] GC(4)   Evacuate Collection Set: 3.2ms
[2020-12-27T17:41:56.511-0700][gc,phases   ] GC(4)   Post Evacuate Collection Set: 0.3ms
[2020-12-27T17:41:56.511-0700][gc,phases   ] GC(4)   Other: 0.3ms
[2020-12-27T17:41:56.511-0700][gc,heap     ] GC(4) Eden regions: 20->0(50)
[2020-12-27T17:41:56.511-0700][gc,heap     ] GC(4) Survivor regions: 6->1(7)
[2020-12-27T17:41:56.511-0700][gc,heap     ] GC(4) Old regions: 7->12
[2020-12-27T17:41:56.511-0700][gc,heap     ] GC(4) Archive regions: 2->2
[2020-12-27T17:41:56.511-0700][gc,heap     ] GC(4) Humongous regions: 129->129
[2020-12-27T17:41:56.511-0700][gc,metaspace] GC(4) Metaspace: 35146K(35584K)->35146K(35584K) NonClass: 31267K(31488K)->31267K(31488K) Class: 3878K(4096K)->3878K(4096K)
[2020-12-27T17:41:56.511-0700][gc          ] GC(4) Pause Young (Concurrent Start) (Metadata GC Threshold) 161M->142M(1024M) 4.015ms
[2020-12-27T17:41:56.511-0700][gc,cpu      ] GC(4) User=0.01s Sys=0.00s Real=0.01s
[2020-12-27T17:41:56.511-0700][gc          ] GC(5) Concurrent Cycle
[2020-12-27T17:41:56.511-0700][gc,marking  ] GC(5) Concurrent Clear Claimed Marks
[2020-12-27T17:41:56.511-0700][gc,marking  ] GC(5) Concurrent Clear Claimed Marks 0.028ms
[2020-12-27T17:41:56.511-0700][gc,marking  ] GC(5) Concurrent Scan Root Regions
[2020-12-27T17:41:56.513-0700][gc,marking  ] GC(5) Concurrent Scan Root Regions 2.167ms
[2020-12-27T17:41:56.513-0700][gc,marking  ] GC(5) Concurrent Mark (791.302s)
[2020-12-27T17:41:56.513-0700][gc,marking  ] GC(5) Concurrent Mark From Roots
[2020-12-27T17:41:56.513-0700][gc,task     ] GC(5) Using 2 workers of 2 for marking
[2020-12-27T17:41:56.518-0700][gc,marking  ] GC(5) Concurrent Mark From Roots 4.874ms
[2020-12-27T17:41:56.518-0700][gc,marking  ] GC(5) Concurrent Preclean
[2020-12-27T17:41:56.518-0700][gc,marking  ] GC(5) Concurrent Preclean 0.066ms
[2020-12-27T17:41:56.518-0700][gc,marking  ] GC(5) Concurrent Mark (791.302s, 791.307s) 4.995ms
[2020-12-27T17:41:56.518-0700][gc,start    ] GC(5) Pause Remark
[2020-12-27T17:41:56.520-0700][gc          ] GC(5) Pause Remark 143M->143M(1024M) 1.215ms
[2020-12-27T17:41:56.520-0700][gc,cpu      ] GC(5) User=0.00s Sys=0.00s Real=0.01s
[2020-12-27T17:41:56.520-0700][gc,marking  ] GC(5) Concurrent Rebuild Remembered Sets
[2020-12-27T17:41:56.525-0700][gc,marking  ] GC(5) Concurrent Rebuild Remembered Sets 4.995ms
[2020-12-27T17:41:56.525-0700][gc,start    ] GC(5) Pause Cleanup
[2020-12-27T17:41:56.525-0700][gc          ] GC(5) Pause Cleanup 143M->143M(1024M) 0.122ms
[2020-12-27T17:41:56.525-0700][gc,cpu      ] GC(5) User=0.01s Sys=0.00s Real=0.00s
[2020-12-27T17:41:56.525-0700][gc,marking  ] GC(5) Concurrent Cleanup for Next Mark
[2020-12-27T17:41:56.531-0700][gc,marking  ] GC(5) Concurrent Cleanup for Next Mark 5.588ms
[2020-12-27T17:41:56.531-0700][gc          ] GC(5) Concurrent Cycle 19.712ms
[2020-12-27T17:50:57.104-0700][gc,start    ] GC(6) Pause Young (Normal) (G1 Evacuation Pause)
[2020-12-27T17:50:57.105-0700][gc,task     ] GC(6) Using 6 workers of 6 for evacuation
[2020-12-27T17:50:57.108-0700][gc,phases   ] GC(6)   Pre Evacuate Collection Set: 0.1ms
[2020-12-27T17:50:57.108-0700][gc,phases   ] GC(6)   Merge Heap Roots: 0.0ms
[2020-12-27T17:50:57.108-0700][gc,phases   ] GC(6)   Evacuate Collection Set: 2.4ms
[2020-12-27T17:50:57.108-0700][gc,phases   ] GC(6)   Post Evacuate Collection Set: 0.5ms
[2020-12-27T17:50:57.108-0700][gc,phases   ] GC(6)   Other: 0.3ms
[2020-12-27T17:50:57.108-0700][gc,heap     ] GC(6) Eden regions: 50->0(47)
[2020-12-27T17:50:57.108-0700][gc,heap     ] GC(6) Survivor regions: 1->4(7)
[2020-12-27T17:50:57.108-0700][gc,heap     ] GC(6) Old regions: 12->12
[2020-12-27T17:50:57.108-0700][gc,heap     ] GC(6) Archive regions: 2->2
[2020-12-27T17:50:57.108-0700][gc,heap     ] GC(6) Humongous regions: 129->129
[2020-12-27T17:50:57.108-0700][gc,metaspace] GC(6) Metaspace: 38054K(38656K)->38054K(38656K) NonClass: 33904K(34304K)->33904K(34304K) Class: 4150K(4352K)->4150K(4352K)
[2020-12-27T17:50:57.108-0700][gc          ] GC(6) Pause Young (Normal) (G1 Evacuation Pause) 192M->144M(1024M) 3.370ms
[2020-12-27T17:50:57.108-0700][gc,cpu      ] GC(6) User=0.01s Sys=0.00s Real=0.00s
[2020-12-27T18:03:23.892-0700][gc,start    ] GC(7) Pause Young (Normal) (G1 Evacuation Pause)
[2020-12-27T18:03:23.894-0700][gc,task     ] GC(7) Using 6 workers of 6 for evacuation
[2020-12-27T18:03:23.900-0700][gc,phases   ] GC(7)   Pre Evacuate Collection Set: 0.1ms
[2020-12-27T18:03:23.900-0700][gc,phases   ] GC(7)   Merge Heap Roots: 0.1ms
[2020-12-27T18:03:23.900-0700][gc,phases   ] GC(7)   Evacuate Collection Set: 4.3ms
[2020-12-27T18:03:23.900-0700][gc,phases   ] GC(7)   Post Evacuate Collection Set: 0.4ms
[2020-12-27T18:03:23.900-0700][gc,phases   ] GC(7)   Other: 3.0ms
[2020-12-27T18:03:23.900-0700][gc,heap     ] GC(7) Eden regions: 47->0(46)
[2020-12-27T18:03:23.900-0700][gc,heap     ] GC(7) Survivor regions: 4->5(7)
[2020-12-27T18:03:23.900-0700][gc,heap     ] GC(7) Old regions: 12->12
[2020-12-27T18:03:23.900-0700][gc,heap     ] GC(7) Archive regions: 2->2
[2020-12-27T18:03:23.900-0700][gc,heap     ] GC(7) Humongous regions: 129->129
[2020-12-27T18:03:23.900-0700][gc,metaspace] GC(7) Metaspace: 38753K(39552K)->38753K(39552K) NonClass: 34567K(35072K)->34567K(35072K) Class: 4185K(4480K)->4185K(4480K)
[2020-12-27T18:03:23.900-0700][gc          ] GC(7) Pause Young (Normal) (G1 Evacuation Pause) 191M->146M(1024M) 8.015ms
[2020-12-27T18:03:23.900-0700][gc,cpu      ] GC(7) User=0.02s Sys=0.01s Real=0.01s
[2020-12-27T18:14:21.383-0700][gc,start    ] GC(8) Pause Young (Normal) (G1 Evacuation Pause)
[2020-12-27T18:14:21.384-0700][gc,task     ] GC(8) Using 6 workers of 6 for evacuation
[2020-12-27T18:14:21.387-0700][gc,phases   ] GC(8)   Pre Evacuate Collection Set: 0.1ms
[2020-12-27T18:14:21.387-0700][gc,phases   ] GC(8)   Merge Heap Roots: 0.1ms
[2020-12-27T18:14:21.387-0700][gc,phases   ] GC(8)   Evacuate Collection Set: 2.9ms
[2020-12-27T18:14:21.387-0700][gc,phases   ] GC(8)   Post Evacuate Collection Set: 0.3ms
[2020-12-27T18:14:21.387-0700][gc,phases   ] GC(8)   Other: 1.0ms
[2020-12-27T18:14:21.387-0700][gc,heap     ] GC(8) Eden regions: 46->0(63)
[2020-12-27T18:14:21.387-0700][gc,heap     ] GC(8) Survivor regions: 5->3(7)
[2020-12-27T18:14:21.387-0700][gc,heap     ] GC(8) Old regions: 12->15
[2020-12-27T18:14:21.387-0700][gc,heap     ] GC(8) Archive regions: 2->2
[2020-12-27T18:14:21.387-0700][gc,heap     ] GC(8) Humongous regions: 129->129
[2020-12-27T18:14:21.387-0700][gc,metaspace] GC(8) Metaspace: 38897K(39552K)->38897K(39552K) NonClass: 34711K(35072K)->34711K(35072K) Class: 4185K(4480K)->4185K(4480K)
[2020-12-27T18:14:21.387-0700][gc          ] GC(8) Pause Young (Normal) (G1 Evacuation Pause) 192M->146M(1024M) 4.496ms
[2020-12-27T18:14:21.387-0700][gc,cpu      ] GC(8) User=0.01s Sys=0.00s Real=0.00s
[2020-12-27T18:29:04.686-0700][gc,start    ] GC(9) Pause Young (Normal) (G1 Evacuation Pause)
[2020-12-27T18:29:04.686-0700][gc,task     ] GC(9) Using 6 workers of 6 for evacuation
[2020-12-27T18:29:04.689-0700][gc,phases   ] GC(9)   Pre Evacuate Collection Set: 0.1ms
[2020-12-27T18:29:04.689-0700][gc,phases   ] GC(9)   Merge Heap Roots: 0.1ms
[2020-12-27T18:29:04.689-0700][gc,phases   ] GC(9)   Evacuate Collection Set: 2.8ms
[2020-12-27T18:29:04.689-0700][gc,phases   ] GC(9)   Post Evacuate Collection Set: 0.3ms
[2020-12-27T18:29:04.689-0700][gc,phases   ] GC(9)   Other: 0.1ms
[2020-12-27T18:29:04.689-0700][gc,heap     ] GC(9) Eden regions: 63->0(94)
[2020-12-27T18:29:04.689-0700][gc,heap     ] GC(9) Survivor regions: 3->5(9)
[2020-12-27T18:29:04.689-0700][gc,heap     ] GC(9) Old regions: 15->15
[2020-12-27T18:29:04.689-0700][gc,heap     ] GC(9) Archive regions: 2->2
[2020-12-27T18:29:04.689-0700][gc,heap     ] GC(9) Humongous regions: 129->129
[2020-12-27T18:29:04.689-0700][gc,metaspace] GC(9) Metaspace: 39545K(40192K)->39545K(40192K) NonClass: 35248K(35584K)->35248K(35584K) Class: 4296K(4608K)->4296K(4608K)
[2020-12-27T18:29:04.689-0700][gc          ] GC(9) Pause Young (Normal) (G1 Evacuation Pause) 209M->148M(1024M) 3.503ms
[2020-12-27T18:29:04.689-0700][gc,cpu      ] GC(9) User=0.01s Sys=0.00s Real=0.00s
[2020-12-27T18:29:07.411-0700][gc,heap,exit] Heap
[2020-12-27T18:29:07.411-0700][gc,heap,exit]  garbage-first heap   total 1048576K, used 155730K [0x00000007c0000000, 0x0000000800000000)
[2020-12-27T18:29:07.411-0700][gc,heap,exit]   region size 1024K, 10 young (10240K), 5 survivors (5120K)
[2020-12-27T18:29:07.411-0700][gc,heap,exit]  Metaspace       used 39612K, capacity 40147K, committed 40448K, reserved 1085440K
[2020-12-27T18:29:07.411-0700][gc,heap,exit]   class space    used 4312K, capacity 4506K, committed 4608K, reserved 1048576K
