[2020-12-27T09:48:45.317+0000][gc,heap] Heap region size: 1M
[2020-12-27T09:48:45.325+0000][gc     ] Using G1
[2020-12-27T09:48:45.325+0000][gc,heap,coops] Heap address: 0x00000000c0000000, size: 1024 MB, Compressed Oops mode: 32-bit
[2020-12-27T09:48:45.326+0000][gc,cds       ] Mark closed archive regions in map: [0x00000000fff00000, 0x00000000fff6aff8]
[2020-12-27T09:48:45.326+0000][gc,cds       ] Mark open archive regions in map: [0x00000000ffe00000, 0x00000000ffe46ff8]
[2020-12-27T09:48:47.043+0000][gc,start     ] GC(0) Pause Young (Normal) (G1 Evacuation Pause)
[2020-12-27T09:48:47.048+0000][gc,task      ] GC(0) Using 6 workers of 6 for evacuation
[2020-12-27T09:48:47.056+0000][gc,phases    ] GC(0)   Pre Evacuate Collection Set: 0.1ms
[2020-12-27T09:48:47.056+0000][gc,phases    ] GC(0)   Evacuate Collection Set: 6.2ms
[2020-12-27T09:48:47.057+0000][gc,phases    ] GC(0)   Post Evacuate Collection Set: 1.1ms
[2020-12-27T09:48:47.057+0000][gc,phases    ] GC(0)   Other: 5.0ms
[2020-12-27T09:48:47.058+0000][gc,heap      ] GC(0) Eden regions: 51->0(44)
[2020-12-27T09:48:47.058+0000][gc,heap      ] GC(0) Survivor regions: 0->7(7)
[2020-12-27T09:48:47.058+0000][gc,heap      ] GC(0) Old regions: 2->2
[2020-12-27T09:48:47.059+0000][gc,heap      ] GC(0) Humongous regions: 0->0
[2020-12-27T09:48:47.059+0000][gc,metaspace ] GC(0) Metaspace: 15743K->15743K(1062912K)
[2020-12-27T09:48:47.060+0000][gc           ] GC(0) Pause Young (Normal) (G1 Evacuation Pause) 51M->6M(1024M) 16.580ms
[2020-12-27T09:48:47.060+0000][gc,cpu       ] GC(0) User=0.02s Sys=0.00s Real=0.02s
[2020-12-27T09:48:47.375+0000][gc,start     ] GC(1) Pause Young (Concurrent Start) (Metadata GC Threshold)
[2020-12-27T09:48:47.375+0000][gc,task      ] GC(1) Using 6 workers of 6 for evacuation
[2020-12-27T09:48:47.383+0000][gc,phases    ] GC(1)   Pre Evacuate Collection Set: 0.0ms
[2020-12-27T09:48:47.383+0000][gc,phases    ] GC(1)   Evacuate Collection Set: 6.1ms
[2020-12-27T09:48:47.384+0000][gc,phases    ] GC(1)   Post Evacuate Collection Set: 0.5ms
[2020-12-27T09:48:47.384+0000][gc,phases    ] GC(1)   Other: 1.1ms
[2020-12-27T09:48:47.385+0000][gc,heap      ] GC(1) Eden regions: 20->0(49)
[2020-12-27T09:48:47.385+0000][gc,heap      ] GC(1) Survivor regions: 7->2(7)
[2020-12-27T09:48:47.385+0000][gc,heap      ] GC(1) Old regions: 2->9
[2020-12-27T09:48:47.386+0000][gc,heap      ] GC(1) Humongous regions: 0->0
[2020-12-27T09:48:47.386+0000][gc,metaspace ] GC(1) Metaspace: 20572K->20572K(1067008K)
[2020-12-27T09:48:47.387+0000][gc           ] GC(1) Pause Young (Concurrent Start) (Metadata GC Threshold) 26M->7M(1024M) 11.752ms
[2020-12-27T09:48:47.387+0000][gc,cpu       ] GC(1) User=0.02s Sys=0.01s Real=0.01s
[2020-12-27T09:48:47.387+0000][gc           ] GC(2) Concurrent Cycle
[2020-12-27T09:48:47.388+0000][gc,marking   ] GC(2) Concurrent Clear Claimed Marks
[2020-12-27T09:48:47.388+0000][gc,marking   ] GC(2) Concurrent Clear Claimed Marks 0.570ms
[2020-12-27T09:48:47.389+0000][gc,marking   ] GC(2) Concurrent Scan Root Regions
[2020-12-27T09:48:47.390+0000][gc,marking   ] GC(2) Concurrent Scan Root Regions 1.545ms
[2020-12-27T09:48:47.391+0000][gc,marking   ] GC(2) Concurrent Mark (2.085s)
[2020-12-27T09:48:47.391+0000][gc,marking   ] GC(2) Concurrent Mark From Roots
[2020-12-27T09:48:47.392+0000][gc,task      ] GC(2) Using 2 workers of 2 for marking
[2020-12-27T09:48:47.396+0000][gc,marking   ] GC(2) Concurrent Mark From Roots 5.158ms
[2020-12-27T09:48:47.397+0000][gc,marking   ] GC(2) Concurrent Preclean
[2020-12-27T09:48:47.397+0000][gc,marking   ] GC(2) Concurrent Preclean 0.602ms
[2020-12-27T09:48:47.398+0000][gc,marking   ] GC(2) Concurrent Mark (2.085s, 2.092s) 7.087ms
[2020-12-27T09:48:47.398+0000][gc,start     ] GC(2) Pause Remark
[2020-12-27T09:48:47.400+0000][gc,stringtable] GC(2) Cleaned string and symbol table, strings: 4957 processed, 0 removed, symbols: 51337 processed, 47 removed
[2020-12-27T09:48:47.401+0000][gc            ] GC(2) Pause Remark 8M->8M(1024M) 2.918ms
[2020-12-27T09:48:47.402+0000][gc,cpu        ] GC(2) User=0.01s Sys=0.00s Real=0.00s
[2020-12-27T09:48:47.402+0000][gc,marking    ] GC(2) Concurrent Rebuild Remembered Sets
[2020-12-27T09:48:47.405+0000][gc,marking    ] GC(2) Concurrent Rebuild Remembered Sets 2.814ms
[2020-12-27T09:48:47.406+0000][gc,start      ] GC(2) Pause Cleanup
[2020-12-27T09:48:47.406+0000][gc            ] GC(2) Pause Cleanup 8M->8M(1024M) 0.701ms
[2020-12-27T09:48:47.407+0000][gc,cpu        ] GC(2) User=0.00s Sys=0.00s Real=0.00s
[2020-12-27T09:48:47.407+0000][gc,marking    ] GC(2) Concurrent Cleanup for Next Mark
[2020-12-27T09:48:47.411+0000][gc,marking    ] GC(2) Concurrent Cleanup for Next Mark 3.770ms
[2020-12-27T09:48:47.412+0000][gc            ] GC(2) Concurrent Cycle 24.350ms
[2020-12-27T09:48:51.333+0000][gc,start      ] GC(3) Pause Young (Normal) (G1 Evacuation Pause)
[2020-12-27T09:48:51.333+0000][gc,task       ] GC(3) Using 6 workers of 6 for evacuation
[2020-12-27T09:48:51.338+0000][gc,phases     ] GC(3)   Pre Evacuate Collection Set: 0.0ms
[2020-12-27T09:48:51.338+0000][gc,phases     ] GC(3)   Evacuate Collection Set: 3.1ms
[2020-12-27T09:48:51.339+0000][gc,phases     ] GC(3)   Post Evacuate Collection Set: 0.7ms
[2020-12-27T09:48:51.339+0000][gc,phases     ] GC(3)   Other: 0.9ms
[2020-12-27T09:48:51.339+0000][gc,heap       ] GC(3) Eden regions: 49->0(48)
[2020-12-27T09:48:51.340+0000][gc,heap       ] GC(3) Survivor regions: 2->3(7)
[2020-12-27T09:48:51.340+0000][gc,heap       ] GC(3) Old regions: 9->9
[2020-12-27T09:48:51.341+0000][gc,heap       ] GC(3) Humongous regions: 129->0
[2020-12-27T09:48:51.341+0000][gc,metaspace  ] GC(3) Metaspace: 29264K->29264K(1075200K)
[2020-12-27T09:48:51.342+0000][gc            ] GC(3) Pause Young (Normal) (G1 Evacuation Pause) 185M->9M(1024M) 8.753ms
[2020-12-27T09:48:51.342+0000][gc,cpu        ] GC(3) User=0.02s Sys=0.00s Real=0.01s
[2020-12-27T09:48:51.354+0000][gc,heap,exit  ] Heap
[2020-12-27T09:48:51.354+0000][gc,heap,exit  ]  garbage-first heap   total 1048576K, used 10888K [0x00000000c0000000, 0x0000000100000000)
[2020-12-27T09:48:51.355+0000][gc,heap,exit  ]   region size 1024K, 5 young (5120K), 3 survivors (3072K)
[2020-12-27T09:48:51.355+0000][gc,heap,exit  ]  Metaspace       used 29351K, capacity 30397K, committed 30592K, reserved 1075200K
[2020-12-27T09:48:51.355+0000][gc,heap,exit  ]   class space    used 3479K, capacity 3942K, committed 3968K, reserved 1048576K
