[2020-12-03T10:56:13.121-0700][gc] Using G1
[2020-12-03T10:56:13.126-0700][gc,init] Version: 15+36-1562 (release)
[2020-12-03T10:56:13.126-0700][gc,init] CPUs: 6 total, 6 available
[2020-12-03T10:56:13.126-0700][gc,init] Memory: 32768M
[2020-12-03T10:56:13.126-0700][gc,init] Large Page Support: Disabled
[2020-12-03T10:56:13.126-0700][gc,init] NUMA Support: Disabled
[2020-12-03T10:56:13.126-0700][gc,init] Compressed Oops: Enabled (Zero based)
[2020-12-03T10:56:13.126-0700][gc,init] Heap Region Size: 1M
[2020-12-03T10:56:13.126-0700][gc,init] Heap Min Capacity: 1G
[2020-12-03T10:56:13.126-0700][gc,init] Heap Initial Capacity: 1G
[2020-12-03T10:56:13.126-0700][gc,init] Heap Max Capacity: 1G
[2020-12-03T10:56:13.126-0700][gc,init] Pre-touch: Disabled
[2020-12-03T10:56:13.126-0700][gc,init] Parallel Workers: 6
[2020-12-03T10:56:13.126-0700][gc,init] Concurrent Workers: 2
[2020-12-03T10:56:13.126-0700][gc,init] Concurrent Refinement Workers: 6
[2020-12-03T10:56:13.126-0700][gc,init] Periodic GC: Disabled
[2020-12-03T10:56:13.126-0700][gc,cds ] Mark closed archive regions in map: [0x00000007fff00000, 0x00000007fff78ff8]
[2020-12-03T10:56:13.126-0700][gc,cds ] Mark open archive regions in map: [0x00000007ffe00000, 0x00000007ffe50ff8]
[2020-12-03T10:56:13.126-0700][gc,metaspace] CDS archive(s) mapped at: [0x0000000800000000-0x0000000800b2c000-0x0000000800b2c000), size 11714560, SharedBaseAddress: 0x0000000800000000, ArchiveRelocationMode: 0.
[2020-12-03T10:56:13.126-0700][gc,metaspace] Compressed class space mapped at: 0x0000000800b2c000-0x0000000840b2c000, size: 1073741824
[2020-12-03T10:56:13.126-0700][gc,metaspace] Narrow klass base: 0x0000000800000000, Narrow klass shift: 3, Narrow klass range: 0x100000000
[2020-12-03T10:56:14.117-0700][gc,start    ] GC(0) Pause Young (Normal) (G1 Evacuation Pause)
[2020-12-03T10:56:14.117-0700][gc,task     ] GC(0) Using 6 workers of 6 for evacuation
[2020-12-03T10:56:14.121-0700][gc,phases   ] GC(0)   Pre Evacuate Collection Set: 0.1ms
[2020-12-03T10:56:14.121-0700][gc,phases   ] GC(0)   Merge Heap Roots: 0.1ms
[2020-12-03T10:56:14.121-0700][gc,phases   ] GC(0)   Evacuate Collection Set: 3.0ms
[2020-12-03T10:56:14.121-0700][gc,phases   ] GC(0)   Post Evacuate Collection Set: 0.4ms
[2020-12-03T10:56:14.121-0700][gc,phases   ] GC(0)   Other: 0.4ms
[2020-12-03T10:56:14.121-0700][gc,heap     ] GC(0) Eden regions: 51->0(44)
[2020-12-03T10:56:14.121-0700][gc,heap     ] GC(0) Survivor regions: 0->7(7)
[2020-12-03T10:56:14.121-0700][gc,heap     ] GC(0) Old regions: 0->0
[2020-12-03T10:56:14.121-0700][gc,heap     ] GC(0) Archive regions: 2->2
[2020-12-03T10:56:14.121-0700][gc,heap     ] GC(0) Humongous regions: 0->0
[2020-12-03T10:56:14.121-0700][gc,metaspace] GC(0) Metaspace: 18843K(19328K)->18843K(19328K) NonClass: 16580K(16896K)->16580K(16896K) Class: 2263K(2432K)->2263K(2432K)
[2020-12-03T10:56:14.121-0700][gc          ] GC(0) Pause Young (Normal) (G1 Evacuation Pause) 51M->7M(1024M) 4.075ms
[2020-12-03T10:56:14.121-0700][gc,cpu      ] GC(0) User=0.02s Sys=0.01s Real=0.01s
[2020-12-03T10:56:14.238-0700][gc,start    ] GC(1) Pause Young (Concurrent Start) (Metadata GC Threshold)
[2020-12-03T10:56:14.238-0700][gc,task     ] GC(1) Using 6 workers of 6 for evacuation
[2020-12-03T10:56:14.242-0700][gc,phases   ] GC(1)   Pre Evacuate Collection Set: 0.1ms
[2020-12-03T10:56:14.242-0700][gc,phases   ] GC(1)   Merge Heap Roots: 0.0ms
[2020-12-03T10:56:14.242-0700][gc,phases   ] GC(1)   Evacuate Collection Set: 3.2ms
[2020-12-03T10:56:14.242-0700][gc,phases   ] GC(1)   Post Evacuate Collection Set: 0.2ms
[2020-12-03T10:56:14.242-0700][gc,phases   ] GC(1)   Other: 0.2ms
[2020-12-03T10:56:14.242-0700][gc,heap     ] GC(1) Eden regions: 9->0(49)
[2020-12-03T10:56:14.242-0700][gc,heap     ] GC(1) Survivor regions: 7->2(7)
[2020-12-03T10:56:14.242-0700][gc,heap     ] GC(1) Old regions: 0->7
[2020-12-03T10:56:14.242-0700][gc,heap     ] GC(1) Archive regions: 2->2
[2020-12-03T10:56:14.242-0700][gc,heap     ] GC(1) Humongous regions: 129->129
[2020-12-03T10:56:14.242-0700][gc,metaspace] GC(1) Metaspace: 20788K(21248K)->20788K(21248K) NonClass: 18322K(18688K)->18322K(18688K) Class: 2465K(2560K)->2465K(2560K)
[2020-12-03T10:56:14.242-0700][gc          ] GC(1) Pause Young (Concurrent Start) (Metadata GC Threshold) 145M->137M(1024M) 3.889ms
[2020-12-03T10:56:14.242-0700][gc,cpu      ] GC(1) User=0.01s Sys=0.01s Real=0.01s
[2020-12-03T10:56:14.242-0700][gc          ] GC(2) Concurrent Cycle
[2020-12-03T10:56:14.242-0700][gc,marking  ] GC(2) Concurrent Clear Claimed Marks
[2020-12-03T10:56:14.242-0700][gc,marking  ] GC(2) Concurrent Clear Claimed Marks 0.016ms
[2020-12-03T10:56:14.242-0700][gc,marking  ] GC(2) Concurrent Scan Root Regions
[2020-12-03T10:56:14.244-0700][gc,marking  ] GC(2) Concurrent Scan Root Regions 1.776ms
[2020-12-03T10:56:14.244-0700][gc,marking  ] GC(2) Concurrent Mark (1.129s)
[2020-12-03T10:56:14.244-0700][gc,marking  ] GC(2) Concurrent Mark From Roots
[2020-12-03T10:56:14.244-0700][gc,task     ] GC(2) Using 2 workers of 2 for marking
[2020-12-03T10:56:14.245-0700][gc,marking  ] GC(2) Concurrent Mark From Roots 1.048ms
[2020-12-03T10:56:14.245-0700][gc,marking  ] GC(2) Concurrent Preclean
[2020-12-03T10:56:14.245-0700][gc,marking  ] GC(2) Concurrent Preclean 0.019ms
[2020-12-03T10:56:14.245-0700][gc,marking  ] GC(2) Concurrent Mark (1.129s, 1.130s) 1.093ms
[2020-12-03T10:56:14.245-0700][gc,start    ] GC(2) Pause Remark
[2020-12-03T10:56:14.246-0700][gc          ] GC(2) Pause Remark 138M->138M(1024M) 0.591ms
[2020-12-03T10:56:14.246-0700][gc,cpu      ] GC(2) User=0.00s Sys=0.00s Real=0.00s
[2020-12-03T10:56:14.246-0700][gc,marking  ] GC(2) Concurrent Rebuild Remembered Sets
[2020-12-03T10:56:14.247-0700][gc,marking  ] GC(2) Concurrent Rebuild Remembered Sets 1.728ms
[2020-12-03T10:56:14.248-0700][gc,start    ] GC(2) Pause Cleanup
[2020-12-03T10:56:14.248-0700][gc          ] GC(2) Pause Cleanup 138M->138M(1024M) 0.083ms
[2020-12-03T10:56:14.248-0700][gc,cpu      ] GC(2) User=0.00s Sys=0.00s Real=0.00s
[2020-12-03T10:56:14.248-0700][gc,marking  ] GC(2) Concurrent Cleanup for Next Mark
[2020-12-03T10:56:14.252-0700][gc,marking  ] GC(2) Concurrent Cleanup for Next Mark 3.656ms
[2020-12-03T10:56:14.252-0700][gc          ] GC(2) Concurrent Cycle 9.760ms
[2020-12-03T10:58:02.709-0700][gc,start    ] GC(3) Pause Young (Normal) (G1 Evacuation Pause)
[2020-12-03T10:58:02.709-0700][gc,task     ] GC(3) Using 6 workers of 6 for evacuation
[2020-12-03T10:58:02.713-0700][gc,phases   ] GC(3)   Pre Evacuate Collection Set: 0.1ms
[2020-12-03T10:58:02.713-0700][gc,phases   ] GC(3)   Merge Heap Roots: 0.1ms
[2020-12-03T10:58:02.713-0700][gc,phases   ] GC(3)   Evacuate Collection Set: 2.8ms
[2020-12-03T10:58:02.713-0700][gc,phases   ] GC(3)   Post Evacuate Collection Set: 0.4ms
[2020-12-03T10:58:02.713-0700][gc,phases   ] GC(3)   Other: 0.2ms
[2020-12-03T10:58:02.713-0700][gc,heap     ] GC(3) Eden regions: 49->0(46)
[2020-12-03T10:58:02.713-0700][gc,heap     ] GC(3) Survivor regions: 2->5(7)
[2020-12-03T10:58:02.713-0700][gc,heap     ] GC(3) Old regions: 7->7
[2020-12-03T10:58:02.713-0700][gc,heap     ] GC(3) Archive regions: 2->2
[2020-12-03T10:58:02.713-0700][gc,heap     ] GC(3) Humongous regions: 129->129
[2020-12-03T10:58:02.713-0700][gc,metaspace] GC(3) Metaspace: 32539K(33024K)->32539K(33024K) NonClass: 29061K(29440K)->29061K(29440K) Class: 3478K(3584K)->3478K(3584K)
[2020-12-03T10:58:02.713-0700][gc          ] GC(3) Pause Young (Normal) (G1 Evacuation Pause) 186M->141M(1024M) 3.752ms
[2020-12-03T10:58:02.713-0700][gc,cpu      ] GC(3) User=0.02s Sys=0.00s Real=0.01s
[2020-12-03T11:51:05.897-0700][gc,start    ] GC(4) Pause Young (Concurrent Start) (Metadata GC Threshold)
[2020-12-03T11:51:05.897-0700][gc,task     ] GC(4) Using 6 workers of 6 for evacuation
[2020-12-03T11:51:05.900-0700][gc,phases   ] GC(4)   Pre Evacuate Collection Set: 0.1ms
[2020-12-03T11:51:05.900-0700][gc,phases   ] GC(4)   Merge Heap Roots: 0.0ms
[2020-12-03T11:51:05.900-0700][gc,phases   ] GC(4)   Evacuate Collection Set: 2.4ms
[2020-12-03T11:51:05.900-0700][gc,phases   ] GC(4)   Post Evacuate Collection Set: 0.3ms
[2020-12-03T11:51:05.900-0700][gc,phases   ] GC(4)   Other: 0.1ms
[2020-12-03T11:51:05.900-0700][gc,heap     ] GC(4) Eden regions: 28->0(50)
[2020-12-03T11:51:05.900-0700][gc,heap     ] GC(4) Survivor regions: 5->1(7)
[2020-12-03T11:51:05.900-0700][gc,heap     ] GC(4) Old regions: 7->12
[2020-12-03T11:51:05.900-0700][gc,heap     ] GC(4) Archive regions: 2->2
[2020-12-03T11:51:05.900-0700][gc,heap     ] GC(4) Humongous regions: 129->129
[2020-12-03T11:51:05.900-0700][gc,metaspace] GC(4) Metaspace: 35107K(35584K)->35107K(35584K) NonClass: 31242K(31488K)->31242K(31488K) Class: 3865K(4096K)->3865K(4096K)
[2020-12-03T11:51:05.900-0700][gc          ] GC(4) Pause Young (Concurrent Start) (Metadata GC Threshold) 169M->142M(1024M) 3.111ms
[2020-12-03T11:51:05.900-0700][gc,cpu      ] GC(4) User=0.01s Sys=0.00s Real=0.01s
[2020-12-03T11:51:05.900-0700][gc          ] GC(5) Concurrent Cycle
[2020-12-03T11:51:05.900-0700][gc,marking  ] GC(5) Concurrent Clear Claimed Marks
[2020-12-03T11:51:05.900-0700][gc,marking  ] GC(5) Concurrent Clear Claimed Marks 0.026ms
[2020-12-03T11:51:05.900-0700][gc,marking  ] GC(5) Concurrent Scan Root Regions
[2020-12-03T11:51:05.902-0700][gc,marking  ] GC(5) Concurrent Scan Root Regions 1.908ms
[2020-12-03T11:51:05.902-0700][gc,marking  ] GC(5) Concurrent Mark (3292.807s)
[2020-12-03T11:51:05.902-0700][gc,marking  ] GC(5) Concurrent Mark From Roots
[2020-12-03T11:51:05.902-0700][gc,task     ] GC(5) Using 2 workers of 2 for marking
[2020-12-03T11:51:05.906-0700][gc,marking  ] GC(5) Concurrent Mark From Roots 3.404ms
[2020-12-03T11:51:05.906-0700][gc,marking  ] GC(5) Concurrent Preclean
[2020-12-03T11:51:05.906-0700][gc,marking  ] GC(5) Concurrent Preclean 0.104ms
[2020-12-03T11:51:05.906-0700][gc,marking  ] GC(5) Concurrent Mark (3292.807s, 3292.810s) 3.559ms
[2020-12-03T11:51:05.906-0700][gc,start    ] GC(5) Pause Remark
[2020-12-03T11:51:05.908-0700][gc          ] GC(5) Pause Remark 142M->142M(1024M) 2.360ms
[2020-12-03T11:51:05.908-0700][gc,cpu      ] GC(5) User=0.01s Sys=0.00s Real=0.00s
[2020-12-03T11:51:05.908-0700][gc,marking  ] GC(5) Concurrent Rebuild Remembered Sets
[2020-12-03T11:51:05.912-0700][gc,marking  ] GC(5) Concurrent Rebuild Remembered Sets 3.876ms
[2020-12-03T11:51:05.913-0700][gc,start    ] GC(5) Pause Cleanup
[2020-12-03T11:51:05.913-0700][gc          ] GC(5) Pause Cleanup 142M->142M(1024M) 0.120ms
[2020-12-03T11:51:05.913-0700][gc,cpu      ] GC(5) User=0.00s Sys=0.00s Real=0.00s
[2020-12-03T11:51:05.913-0700][gc,marking  ] GC(5) Concurrent Cleanup for Next Mark
[2020-12-03T11:51:05.917-0700][gc,marking  ] GC(5) Concurrent Cleanup for Next Mark 3.947ms
[2020-12-03T11:51:05.917-0700][gc          ] GC(5) Concurrent Cycle 16.388ms
[2020-12-03T11:59:53.740-0700][gc,start    ] GC(6) Pause Young (Normal) (G1 Evacuation Pause)
[2020-12-03T11:59:53.740-0700][gc,task     ] GC(6) Using 6 workers of 6 for evacuation
[2020-12-03T11:59:53.744-0700][gc,phases   ] GC(6)   Pre Evacuate Collection Set: 0.1ms
[2020-12-03T11:59:53.744-0700][gc,phases   ] GC(6)   Merge Heap Roots: 0.1ms
[2020-12-03T11:59:53.744-0700][gc,phases   ] GC(6)   Evacuate Collection Set: 3.5ms
[2020-12-03T11:59:53.744-0700][gc,phases   ] GC(6)   Post Evacuate Collection Set: 0.4ms
[2020-12-03T11:59:53.744-0700][gc,phases   ] GC(6)   Other: 0.2ms
[2020-12-03T11:59:53.744-0700][gc,heap     ] GC(6) Eden regions: 50->0(46)
[2020-12-03T11:59:53.744-0700][gc,heap     ] GC(6) Survivor regions: 1->5(7)
[2020-12-03T11:59:53.744-0700][gc,heap     ] GC(6) Old regions: 12->12
[2020-12-03T11:59:53.744-0700][gc,heap     ] GC(6) Archive regions: 2->2
[2020-12-03T11:59:53.744-0700][gc,heap     ] GC(6) Humongous regions: 129->129
[2020-12-03T11:59:53.744-0700][gc,metaspace] GC(6) Metaspace: 38133K(38912K)->38133K(38912K) NonClass: 33975K(34560K)->33975K(34560K) Class: 4158K(4352K)->4158K(4352K)
[2020-12-03T11:59:53.744-0700][gc          ] GC(6) Pause Young (Normal) (G1 Evacuation Pause) 192M->145M(1024M) 4.405ms
[2020-12-03T11:59:53.744-0700][gc,cpu      ] GC(6) User=0.02s Sys=0.00s Real=0.00s
[2020-12-03T12:14:30.234-0700][gc,start    ] GC(7) Pause Young (Normal) (G1 Evacuation Pause)
[2020-12-03T12:14:30.234-0700][gc,task     ] GC(7) Using 6 workers of 6 for evacuation
[2020-12-03T12:14:30.237-0700][gc,phases   ] GC(7)   Pre Evacuate Collection Set: 0.1ms
[2020-12-03T12:14:30.237-0700][gc,phases   ] GC(7)   Merge Heap Roots: 0.1ms
[2020-12-03T12:14:30.237-0700][gc,phases   ] GC(7)   Evacuate Collection Set: 2.9ms
[2020-12-03T12:14:30.237-0700][gc,phases   ] GC(7)   Post Evacuate Collection Set: 0.3ms
[2020-12-03T12:14:30.237-0700][gc,phases   ] GC(7)   Other: 0.2ms
[2020-12-03T12:14:30.237-0700][gc,heap     ] GC(7) Eden regions: 46->0(48)
[2020-12-03T12:14:30.237-0700][gc,heap     ] GC(7) Survivor regions: 5->3(7)
[2020-12-03T12:14:30.237-0700][gc,heap     ] GC(7) Old regions: 12->15
[2020-12-03T12:14:30.237-0700][gc,heap     ] GC(7) Archive regions: 2->2
[2020-12-03T12:14:30.237-0700][gc,heap     ] GC(7) Humongous regions: 129->129
[2020-12-03T12:14:30.237-0700][gc,metaspace] GC(7) Metaspace: 38286K(39040K)->38286K(39040K) NonClass: 34126K(34560K)->34126K(34560K) Class: 4160K(4480K)->4160K(4480K)
[2020-12-03T12:14:30.237-0700][gc          ] GC(7) Pause Young (Normal) (G1 Evacuation Pause) 191M->146M(1024M) 3.621ms
[2020-12-03T12:14:30.237-0700][gc,cpu      ] GC(7) User=0.01s Sys=0.00s Real=0.00s
[2020-12-03T12:30:50.880-0700][gc,start    ] GC(8) Pause Young (Normal) (G1 Evacuation Pause)
[2020-12-03T12:30:50.880-0700][gc,task     ] GC(8) Using 6 workers of 6 for evacuation
[2020-12-03T12:30:50.882-0700][gc,phases   ] GC(8)   Pre Evacuate Collection Set: 0.1ms
[2020-12-03T12:30:50.882-0700][gc,phases   ] GC(8)   Merge Heap Roots: 0.1ms
[2020-12-03T12:30:50.882-0700][gc,phases   ] GC(8)   Evacuate Collection Set: 1.8ms
[2020-12-03T12:30:50.882-0700][gc,phases   ] GC(8)   Post Evacuate Collection Set: 0.2ms
[2020-12-03T12:30:50.882-0700][gc,phases   ] GC(8)   Other: 0.2ms
[2020-12-03T12:30:50.882-0700][gc,heap     ] GC(8) Eden regions: 48->0(58)
[2020-12-03T12:30:50.882-0700][gc,heap     ] GC(8) Survivor regions: 3->4(7)
[2020-12-03T12:30:50.882-0700][gc,heap     ] GC(8) Old regions: 15->15
[2020-12-03T12:30:50.882-0700][gc,heap     ] GC(8) Archive regions: 2->2
[2020-12-03T12:30:50.882-0700][gc,heap     ] GC(8) Humongous regions: 129->129
[2020-12-03T12:30:50.882-0700][gc,metaspace] GC(8) Metaspace: 38344K(39040K)->38344K(39040K) NonClass: 34183K(34560K)->34183K(34560K) Class: 4160K(4480K)->4160K(4480K)
[2020-12-03T12:30:50.882-0700][gc          ] GC(8) Pause Young (Normal) (G1 Evacuation Pause) 194M->147M(1024M) 2.432ms
[2020-12-03T12:30:50.882-0700][gc,cpu      ] GC(8) User=0.01s Sys=0.00s Real=0.00s
[2020-12-03T12:51:59.745-0700][gc,start    ] GC(9) Pause Young (Normal) (G1 Evacuation Pause)
[2020-12-03T12:51:59.745-0700][gc,task     ] GC(9) Using 6 workers of 6 for evacuation
[2020-12-03T12:51:59.751-0700][gc,phases   ] GC(9)   Pre Evacuate Collection Set: 0.1ms
[2020-12-03T12:51:59.751-0700][gc,phases   ] GC(9)   Merge Heap Roots: 0.1ms
[2020-12-03T12:51:59.751-0700][gc,phases   ] GC(9)   Evacuate Collection Set: 4.7ms
[2020-12-03T12:51:59.751-0700][gc,phases   ] GC(9)   Post Evacuate Collection Set: 0.3ms
[2020-12-03T12:51:59.751-0700][gc,phases   ] GC(9)   Other: 0.2ms
[2020-12-03T12:51:59.751-0700][gc,heap     ] GC(9) Eden regions: 58->0(59)
[2020-12-03T12:51:59.751-0700][gc,heap     ] GC(9) Survivor regions: 4->6(8)
[2020-12-03T12:51:59.751-0700][gc,heap     ] GC(9) Old regions: 15->15
[2020-12-03T12:51:59.751-0700][gc,heap     ] GC(9) Archive regions: 2->2
[2020-12-03T12:51:59.751-0700][gc,heap     ] GC(9) Humongous regions: 129->129
[2020-12-03T12:51:59.751-0700][gc,metaspace] GC(9) Metaspace: 38386K(39040K)->38386K(39040K) NonClass: 34225K(34560K)->34225K(34560K) Class: 4160K(4480K)->4160K(4480K)
[2020-12-03T12:51:59.751-0700][gc          ] GC(9) Pause Young (Normal) (G1 Evacuation Pause) 205M->149M(1024M) 5.498ms
[2020-12-03T12:51:59.751-0700][gc,cpu      ] GC(9) User=0.02s Sys=0.00s Real=0.01s
[2020-12-03T13:12:49.280-0700][gc,start    ] GC(10) Pause Young (Normal) (G1 Evacuation Pause)
[2020-12-03T13:12:49.280-0700][gc,task     ] GC(10) Using 6 workers of 6 for evacuation
[2020-12-03T13:12:49.285-0700][gc,phases   ] GC(10)   Pre Evacuate Collection Set: 0.1ms
[2020-12-03T13:12:49.285-0700][gc,phases   ] GC(10)   Merge Heap Roots: 0.1ms
[2020-12-03T13:12:49.285-0700][gc,phases   ] GC(10)   Evacuate Collection Set: 4.8ms
[2020-12-03T13:12:49.285-0700][gc,phases   ] GC(10)   Post Evacuate Collection Set: 0.2ms
[2020-12-03T13:12:49.285-0700][gc,phases   ] GC(10)   Other: 0.2ms
[2020-12-03T13:12:49.285-0700][gc,heap     ] GC(10) Eden regions: 59->0(95)
[2020-12-03T13:12:49.285-0700][gc,heap     ] GC(10) Survivor regions: 6->5(9)
[2020-12-03T13:12:49.285-0700][gc,heap     ] GC(10) Old regions: 15->17
[2020-12-03T13:12:49.285-0700][gc,heap     ] GC(10) Archive regions: 2->2
[2020-12-03T13:12:49.285-0700][gc,heap     ] GC(10) Humongous regions: 129->129
[2020-12-03T13:12:49.285-0700][gc,metaspace] GC(10) Metaspace: 38423K(39296K)->38423K(39296K) NonClass: 34262K(34816K)->34262K(34816K) Class: 4160K(4480K)->4160K(4480K)
[2020-12-03T13:12:49.285-0700][gc          ] GC(10) Pause Young (Normal) (G1 Evacuation Pause) 208M->150M(1024M) 5.544ms
[2020-12-03T13:12:49.285-0700][gc,cpu      ] GC(10) User=0.02s Sys=0.01s Real=0.00s
[2020-12-03T13:48:19.405-0700][gc,start    ] GC(11) Pause Young (Normal) (G1 Evacuation Pause)
[2020-12-03T13:48:19.405-0700][gc,task     ] GC(11) Using 6 workers of 6 for evacuation
[2020-12-03T13:48:19.410-0700][gc,phases   ] GC(11)   Pre Evacuate Collection Set: 0.1ms
[2020-12-03T13:48:19.410-0700][gc,phases   ] GC(11)   Merge Heap Roots: 0.1ms
[2020-12-03T13:48:19.410-0700][gc,phases   ] GC(11)   Evacuate Collection Set: 4.0ms
[2020-12-03T13:48:19.410-0700][gc,phases   ] GC(11)   Post Evacuate Collection Set: 0.3ms
[2020-12-03T13:48:19.410-0700][gc,phases   ] GC(11)   Other: 0.2ms
[2020-12-03T13:48:19.410-0700][gc,heap     ] GC(11) Eden regions: 95->0(252)
[2020-12-03T13:48:19.410-0700][gc,heap     ] GC(11) Survivor regions: 5->6(13)
[2020-12-03T13:48:19.410-0700][gc,heap     ] GC(11) Old regions: 17->17
[2020-12-03T13:48:19.410-0700][gc,heap     ] GC(11) Archive regions: 2->2
[2020-12-03T13:48:19.410-0700][gc,heap     ] GC(11) Humongous regions: 129->129
[2020-12-03T13:48:19.410-0700][gc,metaspace] GC(11) Metaspace: 38430K(39296K)->38430K(39296K) NonClass: 34270K(34816K)->34270K(34816K) Class: 4160K(4480K)->4160K(4480K)
[2020-12-03T13:48:19.410-0700][gc          ] GC(11) Pause Young (Normal) (G1 Evacuation Pause) 245M->151M(1024M) 4.787ms
[2020-12-03T13:48:19.410-0700][gc,cpu      ] GC(11) User=0.02s Sys=0.00s Real=0.01s
[2020-12-03T15:21:25.819-0700][gc,start    ] GC(12) Pause Young (Normal) (G1 Evacuation Pause)
[2020-12-03T15:21:25.819-0700][gc,task     ] GC(12) Using 6 workers of 6 for evacuation
[2020-12-03T15:21:25.824-0700][gc,phases   ] GC(12)   Pre Evacuate Collection Set: 0.2ms
[2020-12-03T15:21:25.824-0700][gc,phases   ] GC(12)   Merge Heap Roots: 0.1ms
[2020-12-03T15:21:25.824-0700][gc,phases   ] GC(12)   Evacuate Collection Set: 3.9ms
[2020-12-03T15:21:25.824-0700][gc,phases   ] GC(12)   Post Evacuate Collection Set: 0.3ms
[2020-12-03T15:21:25.824-0700][gc,phases   ] GC(12)   Other: 0.2ms
[2020-12-03T15:21:25.824-0700][gc,heap     ] GC(12) Eden regions: 252->0(608)
[2020-12-03T15:21:25.824-0700][gc,heap     ] GC(12) Survivor regions: 6->6(33)
[2020-12-03T15:21:25.824-0700][gc,heap     ] GC(12) Old regions: 17->17
[2020-12-03T15:21:25.824-0700][gc,heap     ] GC(12) Archive regions: 2->2
[2020-12-03T15:21:25.824-0700][gc,heap     ] GC(12) Humongous regions: 129->129
[2020-12-03T15:21:25.824-0700][gc,metaspace] GC(12) Metaspace: 38505K(39296K)->38505K(39296K) NonClass: 34344K(34816K)->34344K(34816K) Class: 4160K(4480K)->4160K(4480K)
[2020-12-03T15:21:25.824-0700][gc          ] GC(12) Pause Young (Normal) (G1 Evacuation Pause) 403M->151M(1024M) 4.878ms
[2020-12-03T15:21:25.824-0700][gc,cpu      ] GC(12) User=0.02s Sys=0.00s Real=0.01s
[2020-12-03T19:07:36.510-0700][gc,start    ] GC(13) Pause Young (Normal) (G1 Evacuation Pause)
[2020-12-03T19:07:36.510-0700][gc,task     ] GC(13) Using 6 workers of 6 for evacuation
[2020-12-03T19:07:36.515-0700][gc,phases   ] GC(13)   Pre Evacuate Collection Set: 0.2ms
[2020-12-03T19:07:36.515-0700][gc,phases   ] GC(13)   Merge Heap Roots: 0.1ms
[2020-12-03T19:07:36.515-0700][gc,phases   ] GC(13)   Evacuate Collection Set: 4.1ms
[2020-12-03T19:07:36.515-0700][gc,phases   ] GC(13)   Post Evacuate Collection Set: 0.5ms
[2020-12-03T19:07:36.515-0700][gc,phases   ] GC(13)   Other: 0.4ms
[2020-12-03T19:07:36.515-0700][gc,heap     ] GC(13) Eden regions: 608->0(608)
[2020-12-03T19:07:36.515-0700][gc,heap     ] GC(13) Survivor regions: 6->6(77)
[2020-12-03T19:07:36.515-0700][gc,heap     ] GC(13) Old regions: 17->17
[2020-12-03T19:07:36.515-0700][gc,heap     ] GC(13) Archive regions: 2->2
[2020-12-03T19:07:36.515-0700][gc,heap     ] GC(13) Humongous regions: 129->129
[2020-12-03T19:07:36.515-0700][gc,metaspace] GC(13) Metaspace: 38546K(39296K)->38546K(39296K) NonClass: 34385K(34816K)->34385K(34816K) Class: 4160K(4480K)->4160K(4480K)
[2020-12-03T19:07:36.515-0700][gc          ] GC(13) Pause Young (Normal) (G1 Evacuation Pause) 759M->151M(1024M) 5.368ms
[2020-12-03T19:07:36.515-0700][gc,cpu      ] GC(13) User=0.02s Sys=0.00s Real=0.00s
[2020-12-03T22:55:34.186-0700][gc,start    ] GC(14) Pause Young (Normal) (G1 Evacuation Pause)
[2020-12-03T22:55:34.198-0700][gc,task     ] GC(14) Using 6 workers of 6 for evacuation
[2020-12-03T22:55:34.202-0700][gc,phases   ] GC(14)   Pre Evacuate Collection Set: 0.1ms
[2020-12-03T22:55:34.202-0700][gc,phases   ] GC(14)   Merge Heap Roots: 0.1ms
[2020-12-03T22:55:34.202-0700][gc,phases   ] GC(14)   Evacuate Collection Set: 2.8ms
[2020-12-03T22:55:34.202-0700][gc,phases   ] GC(14)   Post Evacuate Collection Set: 0.4ms
[2020-12-03T22:55:34.202-0700][gc,phases   ] GC(14)   Other: 12.4ms
[2020-12-03T22:55:34.202-0700][gc,heap     ] GC(14) Eden regions: 608->0(608)
[2020-12-03T22:55:34.202-0700][gc,heap     ] GC(14) Survivor regions: 6->6(77)
[2020-12-03T22:55:34.202-0700][gc,heap     ] GC(14) Old regions: 17->17
[2020-12-03T22:55:34.202-0700][gc,heap     ] GC(14) Archive regions: 2->2
[2020-12-03T22:55:34.202-0700][gc,heap     ] GC(14) Humongous regions: 129->129
[2020-12-03T22:55:34.202-0700][gc,metaspace] GC(14) Metaspace: 38609K(39296K)->38609K(39296K) NonClass: 34448K(34816K)->34448K(34816K) Class: 4161K(4480K)->4161K(4480K)
[2020-12-03T22:55:34.202-0700][gc          ] GC(14) Pause Young (Normal) (G1 Evacuation Pause) 759M->151M(1024M) 15.910ms
[2020-12-03T22:55:34.202-0700][gc,cpu      ] GC(14) User=0.02s Sys=0.01s Real=0.02s
