[2020-12-27T09:47:52.190+0000][gc,heap] Heap region size: 1M
[2020-12-27T09:47:52.200+0000][gc     ] Using G1
[2020-12-27T09:47:52.201+0000][gc,heap,coops] Heap address: 0x00000000c0000000, size: 1024 MB, Compressed Oops mode: 32-bit
[2020-12-27T09:47:52.202+0000][gc,cds       ] Mark closed archive regions in map: [0x00000000fff00000, 0x00000000fff6aff8]
[2020-12-27T09:47:52.203+0000][gc,cds       ] Mark open archive regions in map: [0x00000000ffe00000, 0x00000000ffe46ff8]
[2020-12-27T09:47:53.957+0000][gc,start     ] GC(0) Pause Young (Normal) (G1 Evacuation Pause)
[2020-12-27T09:47:53.961+0000][gc,task      ] GC(0) Using 6 workers of 6 for evacuation
[2020-12-27T09:47:53.974+0000][gc,phases    ] GC(0)   Pre Evacuate Collection Set: 0.0ms
[2020-12-27T09:47:53.976+0000][gc,phases    ] GC(0)   Evacuate Collection Set: 11.6ms
[2020-12-27T09:47:53.977+0000][gc,phases    ] GC(0)   Post Evacuate Collection Set: 0.5ms
[2020-12-27T09:47:53.978+0000][gc,phases    ] GC(0)   Other: 5.1ms
[2020-12-27T09:47:53.979+0000][gc,heap      ] GC(0) Eden regions: 51->0(44)
[2020-12-27T09:47:53.979+0000][gc,heap      ] GC(0) Survivor regions: 0->7(7)
[2020-12-27T09:47:53.980+0000][gc,heap      ] GC(0) Old regions: 2->2
[2020-12-27T09:47:53.981+0000][gc,heap      ] GC(0) Humongous regions: 0->0
[2020-12-27T09:47:53.981+0000][gc,metaspace ] GC(0) Metaspace: 15422K->15422K(1062912K)
[2020-12-27T09:47:53.982+0000][gc           ] GC(0) Pause Young (Normal) (G1 Evacuation Pause) 51M->7M(1024M) 25.084ms
[2020-12-27T09:47:53.983+0000][gc,cpu       ] GC(0) User=0.02s Sys=0.00s Real=0.03s
[2020-12-27T09:47:54.392+0000][gc,start     ] GC(1) Pause Young (Concurrent Start) (Metadata GC Threshold)
[2020-12-27T09:47:54.392+0000][gc,task      ] GC(1) Using 6 workers of 6 for evacuation
[2020-12-27T09:47:54.416+0000][gc,mmu       ] GC(1) MMU target violated: 21.0ms (20.0ms/21.0ms)
[2020-12-27T09:47:54.417+0000][gc,phases    ] GC(1)   Pre Evacuate Collection Set: 0.0ms
[2020-12-27T09:47:54.417+0000][gc,phases    ] GC(1)   Evacuate Collection Set: 22.9ms
[2020-12-27T09:47:54.418+0000][gc,phases    ] GC(1)   Post Evacuate Collection Set: 0.3ms
[2020-12-27T09:47:54.418+0000][gc,phases    ] GC(1)   Other: 1.9ms
[2020-12-27T09:47:54.418+0000][gc,heap      ] GC(1) Eden regions: 22->0(49)
[2020-12-27T09:47:54.419+0000][gc,heap      ] GC(1) Survivor regions: 7->2(7)
[2020-12-27T09:47:54.419+0000][gc,heap      ] GC(1) Old regions: 2->9
[2020-12-27T09:47:54.419+0000][gc,heap      ] GC(1) Humongous regions: 129->129
[2020-12-27T09:47:54.420+0000][gc,metaspace ] GC(1) Metaspace: 20567K->20567K(1067008K)
[2020-12-27T09:47:54.420+0000][gc           ] GC(1) Pause Young (Concurrent Start) (Metadata GC Threshold) 158M->137M(1024M) 28.693ms
[2020-12-27T09:47:54.421+0000][gc,cpu       ] GC(1) User=0.05s Sys=0.00s Real=0.03s
[2020-12-27T09:47:54.421+0000][gc           ] GC(2) Concurrent Cycle
[2020-12-27T09:47:54.422+0000][gc,marking   ] GC(2) Concurrent Clear Claimed Marks
[2020-12-27T09:47:54.422+0000][gc,marking   ] GC(2) Concurrent Clear Claimed Marks 0.386ms
[2020-12-27T09:47:54.422+0000][gc,marking   ] GC(2) Concurrent Scan Root Regions
[2020-12-27T09:47:54.424+0000][gc,marking   ] GC(2) Concurrent Scan Root Regions 1.431ms
[2020-12-27T09:47:54.424+0000][gc,marking   ] GC(2) Concurrent Mark (2.248s)
[2020-12-27T09:47:54.424+0000][gc,marking   ] GC(2) Concurrent Mark From Roots
[2020-12-27T09:47:54.425+0000][gc,task      ] GC(2) Using 2 workers of 2 for marking
[2020-12-27T09:47:54.433+0000][gc,marking   ] GC(2) Concurrent Mark From Roots 8.549ms
[2020-12-27T09:47:54.434+0000][gc,marking   ] GC(2) Concurrent Preclean
[2020-12-27T09:47:54.434+0000][gc,marking   ] GC(2) Concurrent Preclean 0.583ms
[2020-12-27T09:47:54.435+0000][gc,marking   ] GC(2) Concurrent Mark (2.248s, 2.259s) 10.804ms
[2020-12-27T09:47:54.435+0000][gc,start     ] GC(2) Pause Remark
[2020-12-27T09:47:54.445+0000][gc,stringtable] GC(2) Cleaned string and symbol table, strings: 5034 processed, 0 removed, symbols: 51040 processed, 43 removed
[2020-12-27T09:47:54.446+0000][gc            ] GC(2) Pause Remark 138M->138M(1024M) 10.421ms
[2020-12-27T09:47:54.446+0000][gc,cpu        ] GC(2) User=0.02s Sys=0.00s Real=0.01s
[2020-12-27T09:47:54.447+0000][gc,marking    ] GC(2) Concurrent Rebuild Remembered Sets
[2020-12-27T09:47:54.451+0000][gc,marking    ] GC(2) Concurrent Rebuild Remembered Sets 4.449ms
[2020-12-27T09:47:54.463+0000][gc,start      ] GC(2) Pause Cleanup
[2020-12-27T09:47:54.464+0000][gc            ] GC(2) Pause Cleanup 138M->138M(1024M) 0.793ms
[2020-12-27T09:47:54.465+0000][gc,cpu        ] GC(2) User=0.00s Sys=0.00s Real=0.00s
[2020-12-27T09:47:54.465+0000][gc,marking    ] GC(2) Concurrent Cleanup for Next Mark
[2020-12-27T09:47:54.471+0000][gc,marking    ] GC(2) Concurrent Cleanup for Next Mark 5.310ms
[2020-12-27T09:47:54.471+0000][gc            ] GC(2) Concurrent Cycle 50.258ms
[2020-12-27T09:47:55.080+0000][gc,start      ] GC(3) Pause Young (Normal) (G1 Evacuation Pause)
[2020-12-27T09:47:55.080+0000][gc,task       ] GC(3) Using 6 workers of 6 for evacuation
[2020-12-27T09:47:55.086+0000][gc,phases     ] GC(3)   Pre Evacuate Collection Set: 0.0ms
[2020-12-27T09:47:55.087+0000][gc,phases     ] GC(3)   Evacuate Collection Set: 4.8ms
[2020-12-27T09:47:55.087+0000][gc,phases     ] GC(3)   Post Evacuate Collection Set: 0.5ms
[2020-12-27T09:47:55.088+0000][gc,phases     ] GC(3)   Other: 1.1ms
[2020-12-27T09:47:55.088+0000][gc,heap       ] GC(3) Eden regions: 49->0(46)
[2020-12-27T09:47:55.088+0000][gc,heap       ] GC(3) Survivor regions: 2->5(7)
[2020-12-27T09:47:55.089+0000][gc,heap       ] GC(3) Old regions: 9->9
[2020-12-27T09:47:55.089+0000][gc,heap       ] GC(3) Humongous regions: 129->129
[2020-12-27T09:47:55.090+0000][gc,metaspace  ] GC(3) Metaspace: 30078K->30078K(1077248K)
[2020-12-27T09:47:55.090+0000][gc            ] GC(3) Pause Young (Normal) (G1 Evacuation Pause) 186M->140M(1024M) 10.726ms
[2020-12-27T09:47:55.091+0000][gc,cpu        ] GC(3) User=0.03s Sys=0.00s Real=0.01s
[2020-12-27T09:47:55.407+0000][gc,start      ] GC(4) Pause Young (Concurrent Start) (Metadata GC Threshold)
[2020-12-27T09:47:55.408+0000][gc,task       ] GC(4) Using 6 workers of 6 for evacuation
[2020-12-27T09:47:55.413+0000][gc,phases     ] GC(4)   Pre Evacuate Collection Set: 0.1ms
[2020-12-27T09:47:55.414+0000][gc,phases     ] GC(4)   Evacuate Collection Set: 4.2ms
[2020-12-27T09:47:55.414+0000][gc,phases     ] GC(4)   Post Evacuate Collection Set: 0.6ms
[2020-12-27T09:47:55.415+0000][gc,phases     ] GC(4)   Other: 1.4ms
[2020-12-27T09:47:55.415+0000][gc,heap       ] GC(4) Eden regions: 19->0(46)
[2020-12-27T09:47:55.415+0000][gc,heap       ] GC(4) Survivor regions: 5->5(7)
[2020-12-27T09:47:55.416+0000][gc,heap       ] GC(4) Old regions: 9->10
[2020-12-27T09:47:55.416+0000][gc,heap       ] GC(4) Humongous regions: 129->129
[2020-12-27T09:47:55.417+0000][gc,metaspace  ] GC(4) Metaspace: 34457K->34457K(1081344K)
[2020-12-27T09:47:55.417+0000][gc            ] GC(4) Pause Young (Concurrent Start) (Metadata GC Threshold) 159M->141M(1024M) 10.366ms
[2020-12-27T09:47:55.418+0000][gc,cpu        ] GC(4) User=0.03s Sys=0.01s Real=0.01s
[2020-12-27T09:47:55.418+0000][gc            ] GC(5) Concurrent Cycle
[2020-12-27T09:47:55.418+0000][gc,marking    ] GC(5) Concurrent Clear Claimed Marks
[2020-12-27T09:47:55.419+0000][gc,marking    ] GC(5) Concurrent Clear Claimed Marks 0.441ms
[2020-12-27T09:47:55.419+0000][gc,marking    ] GC(5) Concurrent Scan Root Regions
[2020-12-27T09:47:55.421+0000][gc,marking    ] GC(5) Concurrent Scan Root Regions 2.101ms
[2020-12-27T09:47:55.422+0000][gc,marking    ] GC(5) Concurrent Mark (3.246s)
[2020-12-27T09:47:55.422+0000][gc,marking    ] GC(5) Concurrent Mark From Roots
[2020-12-27T09:47:55.423+0000][gc,task       ] GC(5) Using 2 workers of 2 for marking
[2020-12-27T09:47:55.428+0000][gc,marking    ] GC(5) Concurrent Mark From Roots 5.329ms
[2020-12-27T09:47:55.428+0000][gc,marking    ] GC(5) Concurrent Preclean
[2020-12-27T09:47:55.429+0000][gc,marking    ] GC(5) Concurrent Preclean 0.754ms
[2020-12-27T09:47:55.429+0000][gc,marking    ] GC(5) Concurrent Mark (3.246s, 3.253s) 7.559ms
[2020-12-27T09:47:55.430+0000][gc,start      ] GC(5) Pause Remark
[2020-12-27T09:47:55.433+0000][gc,stringtable] GC(5) Cleaned string and symbol table, strings: 9843 processed, 10 removed, symbols: 81247 processed, 18 removed
[2020-12-27T09:47:55.434+0000][gc            ] GC(5) Pause Remark 142M->142M(1024M) 3.751ms
[2020-12-27T09:47:55.435+0000][gc,cpu        ] GC(5) User=0.01s Sys=0.00s Real=0.00s
[2020-12-27T09:47:55.435+0000][gc,marking    ] GC(5) Concurrent Rebuild Remembered Sets
[2020-12-27T09:47:55.438+0000][gc,marking    ] GC(5) Concurrent Rebuild Remembered Sets 3.210ms
[2020-12-27T09:47:55.439+0000][gc,start      ] GC(5) Pause Cleanup
[2020-12-27T09:47:55.440+0000][gc            ] GC(5) Pause Cleanup 142M->142M(1024M) 0.618ms
[2020-12-27T09:47:55.440+0000][gc,cpu        ] GC(5) User=0.00s Sys=0.00s Real=0.00s
[2020-12-27T09:47:55.441+0000][gc,marking    ] GC(5) Concurrent Cleanup for Next Mark
[2020-12-27T09:47:55.449+0000][gc,marking    ] GC(5) Concurrent Cleanup for Next Mark 8.222ms
[2020-12-27T09:47:55.450+0000][gc            ] GC(5) Concurrent Cycle 31.553ms
