[2020-12-27T10:21:44.602+0000][gc,heap] Heap region size: 1M
[2020-12-27T10:21:44.607+0000][gc     ] Using G1
[2020-12-27T10:21:44.608+0000][gc,heap,coops] Heap address: 0x00000000e0000000, size: 512 MB, Compressed Oops mode: 32-bit
[2020-12-27T10:21:44.609+0000][gc,cds       ] Mark closed archive regions in map: [0x00000000fff00000, 0x00000000fff6aff8]
[2020-12-27T10:21:44.609+0000][gc,cds       ] Mark open archive regions in map: [0x00000000ffe00000, 0x00000000ffe46ff8]
[2020-12-27T10:21:46.646+0000][gc,start     ] GC(0) Pause Young (Normal) (G1 Evacuation Pause)
[2020-12-27T10:21:46.648+0000][gc,task      ] GC(0) Using 6 workers of 6 for evacuation
[2020-12-27T10:21:46.656+0000][gc,phases    ] GC(0)   Pre Evacuate Collection Set: 0.0ms
[2020-12-27T10:21:46.656+0000][gc,phases    ] GC(0)   Evacuate Collection Set: 6.9ms
[2020-12-27T10:21:46.657+0000][gc,phases    ] GC(0)   Post Evacuate Collection Set: 0.6ms
[2020-12-27T10:21:46.657+0000][gc,phases    ] GC(0)   Other: 2.0ms
[2020-12-27T10:21:46.658+0000][gc,heap      ] GC(0) Eden regions: 25->0(21)
[2020-12-27T10:21:46.659+0000][gc,heap      ] GC(0) Survivor regions: 0->4(4)
[2020-12-27T10:21:46.660+0000][gc,heap      ] GC(0) Old regions: 2->4
[2020-12-27T10:21:46.661+0000][gc,heap      ] GC(0) Humongous regions: 0->0
[2020-12-27T10:21:46.661+0000][gc,metaspace ] GC(0) Metaspace: 7732K->7732K(1056768K)
[2020-12-27T10:21:46.662+0000][gc           ] GC(0) Pause Young (Normal) (G1 Evacuation Pause) 25M->5M(512M) 15.422ms
[2020-12-27T10:21:46.662+0000][gc,cpu       ] GC(0) User=0.03s Sys=0.00s Real=0.02s
