[2020-12-27T10:24:49.613+0000][gc,heap] Heap region size: 1M
[2020-12-27T10:24:49.620+0000][gc     ] Using G1
[2020-12-27T10:24:49.620+0000][gc,heap,coops] Heap address: 0x00000000e0000000, size: 512 MB, Compressed Oops mode: 32-bit
[2020-12-27T10:24:49.621+0000][gc,cds       ] Mark closed archive regions in map: [0x00000000fff00000, 0x00000000fff6aff8]
[2020-12-27T10:24:49.621+0000][gc,cds       ] Mark open archive regions in map: [0x00000000ffe00000, 0x00000000ffe46ff8]
[2020-12-27T10:24:51.447+0000][gc,start     ] GC(0) Pause Young (Normal) (G1 Evacuation Pause)
[2020-12-27T10:24:51.448+0000][gc,task      ] GC(0) Using 6 workers of 6 for evacuation
[2020-12-27T10:24:51.456+0000][gc,phases    ] GC(0)   Pre Evacuate Collection Set: 0.0ms
[2020-12-27T10:24:51.456+0000][gc,phases    ] GC(0)   Evacuate Collection Set: 6.6ms
[2020-12-27T10:24:51.457+0000][gc,phases    ] GC(0)   Post Evacuate Collection Set: 0.6ms
[2020-12-27T10:24:51.457+0000][gc,phases    ] GC(0)   Other: 1.5ms
[2020-12-27T10:24:51.458+0000][gc,heap      ] GC(0) Eden regions: 25->0(21)
[2020-12-27T10:24:51.458+0000][gc,heap      ] GC(0) Survivor regions: 0->4(4)
[2020-12-27T10:24:51.459+0000][gc,heap      ] GC(0) Old regions: 2->4
[2020-12-27T10:24:51.459+0000][gc,heap      ] GC(0) Humongous regions: 0->0
[2020-12-27T10:24:51.459+0000][gc,metaspace ] GC(0) Metaspace: 7735K->7735K(1056768K)
[2020-12-27T10:24:51.460+0000][gc           ] GC(0) Pause Young (Normal) (G1 Evacuation Pause) 25M->5M(512M) 12.575ms
[2020-12-27T10:24:51.460+0000][gc,cpu       ] GC(0) User=0.03s Sys=0.01s Real=0.01s
