[2020-12-27T17:28:27.045-0700][gc] Using G1
[2020-12-27T17:28:27.049-0700][gc,init] Version: 15+36-1562 (release)
[2020-12-27T17:28:27.049-0700][gc,init] CPUs: 6 total, 6 available
[2020-12-27T17:28:27.049-0700][gc,init] Memory: 32768M
[2020-12-27T17:28:27.049-0700][gc,init] Large Page Support: Disabled
[2020-12-27T17:28:27.049-0700][gc,init] NUMA Support: Disabled
[2020-12-27T17:28:27.049-0700][gc,init] Compressed Oops: Enabled (Zero based)
[2020-12-27T17:28:27.049-0700][gc,init] Heap Region Size: 1M
[2020-12-27T17:28:27.049-0700][gc,init] Heap Min Capacity: 512M
[2020-12-27T17:28:27.049-0700][gc,init] Heap Initial Capacity: 512M
[2020-12-27T17:28:27.049-0700][gc,init] Heap Max Capacity: 512M
[2020-12-27T17:28:27.049-0700][gc,init] Pre-touch: Disabled
[2020-12-27T17:28:27.049-0700][gc,init] Parallel Workers: 6
[2020-12-27T17:28:27.049-0700][gc,init] Concurrent Workers: 2
[2020-12-27T17:28:27.049-0700][gc,init] Concurrent Refinement Workers: 6
[2020-12-27T17:28:27.049-0700][gc,init] Periodic GC: Disabled
[2020-12-27T17:28:27.049-0700][gc,cds ] Mark closed archive regions in map: [0x00000007fff00000, 0x00000007fff78ff8]
[2020-12-27T17:28:27.049-0700][gc,cds ] Mark open archive regions in map: [0x00000007ffe00000, 0x00000007ffe50ff8]
[2020-12-27T17:28:27.049-0700][gc,metaspace] CDS archive(s) mapped at: [0x0000000800000000-0x0000000800b2c000-0x0000000800b2c000), size 11714560, SharedBaseAddress: 0x0000000800000000, ArchiveRelocationMode: 0.
[2020-12-27T17:28:27.049-0700][gc,metaspace] Compressed class space mapped at: 0x0000000800b2c000-0x0000000840b2c000, size: 1073741824
[2020-12-27T17:28:27.049-0700][gc,metaspace] Narrow klass base: 0x0000000800000000, Narrow klass shift: 3, Narrow klass range: 0x100000000
[2020-12-27T17:28:53.143-0700][gc,start    ] GC(0) Pause Young (Normal) (G1 Evacuation Pause)
[2020-12-27T17:28:53.143-0700][gc,task     ] GC(0) Using 6 workers of 6 for evacuation
[2020-12-27T17:28:53.148-0700][gc,phases   ] GC(0)   Pre Evacuate Collection Set: 0.1ms
[2020-12-27T17:28:53.148-0700][gc,phases   ] GC(0)   Merge Heap Roots: 0.0ms
[2020-12-27T17:28:53.148-0700][gc,phases   ] GC(0)   Evacuate Collection Set: 3.9ms
[2020-12-27T17:28:53.148-0700][gc,phases   ] GC(0)   Post Evacuate Collection Set: 0.3ms
[2020-12-27T17:28:53.148-0700][gc,phases   ] GC(0)   Other: 0.5ms
[2020-12-27T17:28:53.148-0700][gc,heap     ] GC(0) Eden regions: 25->0(21)
[2020-12-27T17:28:53.148-0700][gc,heap     ] GC(0) Survivor regions: 0->4(4)
[2020-12-27T17:28:53.148-0700][gc,heap     ] GC(0) Old regions: 0->2
[2020-12-27T17:28:53.148-0700][gc,heap     ] GC(0) Archive regions: 2->2
[2020-12-27T17:28:53.148-0700][gc,heap     ] GC(0) Humongous regions: 0->0
[2020-12-27T17:28:53.148-0700][gc,metaspace] GC(0) Metaspace: 7652K(7936K)->7652K(7936K) NonClass: 6796K(6912K)->6796K(6912K) Class: 856K(1024K)->856K(1024K)
[2020-12-27T17:28:53.148-0700][gc          ] GC(0) Pause Young (Normal) (G1 Evacuation Pause) 25M->6M(512M) 4.960ms
[2020-12-27T17:28:53.148-0700][gc,cpu      ] GC(0) User=0.01s Sys=0.01s Real=0.00s
[2020-12-27T18:29:10.124-0700][gc,heap,exit] Heap
[2020-12-27T18:29:10.124-0700][gc,heap,exit]  garbage-first heap   total 524288K, used 13381K [0x00000007e0000000, 0x0000000800000000)
[2020-12-27T18:29:10.124-0700][gc,heap,exit]   region size 1024K, 12 young (12288K), 4 survivors (4096K)
[2020-12-27T18:29:10.124-0700][gc,heap,exit]  Metaspace       used 8048K, capacity 8189K, committed 8448K, reserved 1056768K
[2020-12-27T18:29:10.124-0700][gc,heap,exit]   class space    used 858K, capacity 894K, committed 1024K, reserved 1048576K
