[2020-12-27T17:27:11.819-0700][gc] Using G1
[2020-12-27T17:27:11.822-0700][gc,init] Version: 15+36-1562 (release)
[2020-12-27T17:27:11.822-0700][gc,init] CPUs: 6 total, 6 available
[2020-12-27T17:27:11.822-0700][gc,init] Memory: 32768M
[2020-12-27T17:27:11.822-0700][gc,init] Large Page Support: Disabled
[2020-12-27T17:27:11.822-0700][gc,init] NUMA Support: Disabled
[2020-12-27T17:27:11.822-0700][gc,init] Compressed Oops: Enabled (Zero based)
[2020-12-27T17:27:11.822-0700][gc,init] Heap Region Size: 1M
[2020-12-27T17:27:11.822-0700][gc,init] Heap Min Capacity: 512M
[2020-12-27T17:27:11.822-0700][gc,init] Heap Initial Capacity: 512M
[2020-12-27T17:27:11.822-0700][gc,init] Heap Max Capacity: 512M
[2020-12-27T17:27:11.822-0700][gc,init] Pre-touch: Disabled
[2020-12-27T17:27:11.822-0700][gc,init] Parallel Workers: 6
[2020-12-27T17:27:11.822-0700][gc,init] Concurrent Workers: 2
[2020-12-27T17:27:11.822-0700][gc,init] Concurrent Refinement Workers: 6
[2020-12-27T17:27:11.822-0700][gc,init] Periodic GC: Disabled
[2020-12-27T17:27:11.823-0700][gc,cds ] Mark closed archive regions in map: [0x00000007fff00000, 0x00000007fff78ff8]
[2020-12-27T17:27:11.823-0700][gc,cds ] Mark open archive regions in map: [0x00000007ffe00000, 0x00000007ffe50ff8]
[2020-12-27T17:27:11.823-0700][gc,metaspace] CDS archive(s) mapped at: [0x0000000800000000-0x0000000800b2c000-0x0000000800b2c000), size 11714560, SharedBaseAddress: 0x0000000800000000, ArchiveRelocationMode: 0.
[2020-12-27T17:27:11.823-0700][gc,metaspace] Compressed class space mapped at: 0x0000000800b2c000-0x0000000840b2c000, size: 1073741824
[2020-12-27T17:27:11.823-0700][gc,metaspace] Narrow klass base: 0x0000000800000000, Narrow klass shift: 3, Narrow klass range: 0x100000000
[2020-12-27T17:27:12.174-0700][gc,heap,exit] Heap
[2020-12-27T17:27:12.174-0700][gc,heap,exit]  garbage-first heap   total 524288K, used 15144K [0x00000007e0000000, 0x0000000800000000)
[2020-12-27T17:27:12.174-0700][gc,heap,exit]   region size 1024K, 15 young (15360K), 0 survivors (0K)
[2020-12-27T17:27:12.174-0700][gc,heap,exit]  Metaspace       used 6498K, capacity 6591K, committed 6784K, reserved 1056768K
[2020-12-27T17:27:12.174-0700][gc,heap,exit]   class space    used 738K, capacity 764K, committed 896K, reserved 1048576K
